Component: ARM Compiler 5.06 update 5 (build 528) Tool: armlink [4d35e2]

==============================================================================

Section Cross References

    main.o(.text) refers to _printf_percent.o(.ARM.Collect$$_printf_percent$$00000000) for _printf_percent
    main.o(.text) refers to _printf_d.o(.ARM.Collect$$_printf_percent$$00000009) for _printf_d
    main.o(.text) refers to _printf_dec.o(.text) for _printf_int_dec
    main.o(.text) refers to delay.o(.text) for delay_init
    main.o(.text) refers to misc.o(.text) for NVIC_PriorityGroupConfig
    main.o(.text) refers to usart.o(.text) for uart_init
    main.o(.text) refers to led.o(.text) for LED_Init
    main.o(.text) refers to lcd.o(.text) for LCD_Init
    main.o(.text) refers to timer.o(.text) for Timer_Init
    main.o(.text) refers to ad.o(.text) for AD_Init
    main.o(.text) refers to matrixkey.o(.text) for Matrix_ssKey_Pin_Init
    main.o(.text) refers to esp8266.o(.text) for my_esp8266_init
    main.o(.text) refers to fflt_clz.o(x$fpl$ffltu) for __aeabi_ui2f
    main.o(.text) refers to fdiv.o(x$fpl$fdiv) for __aeabi_fdiv
    main.o(.text) refers to fmul.o(x$fpl$fmul) for __aeabi_fmul
    main.o(.text) refers to ffixu.o(x$fpl$ffixu) for __aeabi_f2uiz
    main.o(.text) refers to __2printf.o(.text) for __2printf
    main.o(.text) refers to lcd.o(.data) for POINT_COLOR
    main.o(.text) refers to main.o(.data) for Danger_Val
    system_stm32f10x.o(.text) refers to system_stm32f10x.o(.data) for SystemCoreClock
    led.o(.text) refers to stm32f10x_rcc.o(.text) for RCC_APB2PeriphClockCmd
    led.o(.text) refers to stm32f10x_gpio.o(.text) for GPIO_Init
    lcd.o(.text) refers to delay.o(.text) for delay_us
    lcd.o(.text) refers to lcd.o(.bss) for lcddev
    lcd.o(.text) refers to lcd.o(.data) for POINT_COLOR
    lcd.o(.text) refers to dflt_clz.o(x$fpl$dfltu) for __aeabi_ui2d
    lcd.o(.text) refers to dmul.o(x$fpl$dmul) for __aeabi_dmul
    lcd.o(.text) refers to dfixu.o(x$fpl$dfixu) for __aeabi_d2uiz
    lcd.o(.text) refers to stm32f10x_rcc.o(.text) for RCC_AHBPeriphClockCmd
    lcd.o(.text) refers to stm32f10x_gpio.o(.text) for GPIO_Init
    lcd.o(.text) refers to stm32f10x_fsmc.o(.text) for FSMC_NORSRAMInit
    lcd.o(.text) refers to lcd.o(.constdata) for asc2_1206
    matrixkey.o(.text) refers to stm32f10x_rcc.o(.text) for RCC_APB2PeriphClockCmd
    matrixkey.o(.text) refers to stm32f10x_gpio.o(.text) for GPIO_Init
    matrixkey.o(.text) refers to delay.o(.text) for delay_ms
    ad.o(.text) refers to stm32f10x_rcc.o(.text) for RCC_APB2PeriphClockCmd
    ad.o(.text) refers to stm32f10x_gpio.o(.text) for GPIO_Init
    ad.o(.text) refers to stm32f10x_adc.o(.text) for ADC_RegularChannelConfig
    countersensor.o(.text) refers to stm32f10x_rcc.o(.text) for RCC_APB2PeriphClockCmd
    countersensor.o(.text) refers to stm32f10x_gpio.o(.text) for GPIO_Init
    countersensor.o(.text) refers to stm32f10x_exti.o(.text) for EXTI_Init
    countersensor.o(.text) refers to misc.o(.text) for NVIC_PriorityGroupConfig
    countersensor.o(.text) refers to ffixu.o(x$fpl$ffixu) for __aeabi_f2uiz
    countersensor.o(.text) refers to faddsub_clz.o(x$fpl$fadd) for __aeabi_fadd
    countersensor.o(.text) refers to main.o(.data) for CounterSensorNum
    ds18b20.o(.text) refers to stm32f10x_rcc.o(.text) for RCC_APB2PeriphClockCmd
    ds18b20.o(.text) refers to stm32f10x_gpio.o(.text) for GPIO_Init
    ds18b20.o(.text) refers to delay.o(.text) for delay_us
    timer.o(.text) refers to stm32f10x_rcc.o(.text) for RCC_APB1PeriphClockCmd
    timer.o(.text) refers to stm32f10x_tim.o(.text) for TIM_InternalClockConfig
    timer.o(.text) refers to misc.o(.text) for NVIC_PriorityGroupConfig
    timer.o(.text) refers to main.o(.data) for n
    pwm.o(.text) refers to stm32f10x_rcc.o(.text) for RCC_APB1PeriphClockCmd
    pwm.o(.text) refers to stm32f10x_gpio.o(.text) for GPIO_Init
    pwm.o(.text) refers to stm32f10x_tim.o(.text) for TIM_InternalClockConfig
    step_motor.o(.text) refers to stm32f10x_rcc.o(.text) for RCC_APB2PeriphClockCmd
    step_motor.o(.text) refers to stm32f10x_gpio.o(.text) for GPIO_Init
    step_motor.o(.text) refers to delay.o(.text) for delay_ms
    step_motor.o(.text) refers to step_motor.o(.data) for STEP
    ultrasonsic.o(.text) refers to misc.o(.text) for NVIC_PriorityGroupConfig
    ultrasonsic.o(.text) refers to stm32f10x_rcc.o(.text) for RCC_APB2PeriphClockCmd
    ultrasonsic.o(.text) refers to stm32f10x_gpio.o(.text) for GPIO_Init
    ultrasonsic.o(.text) refers to stm32f10x_tim.o(.text) for TIM_DeInit
    ultrasonsic.o(.text) refers to delay.o(.text) for delay_ms
    ultrasonsic.o(.text) refers to fflt_clz.o(x$fpl$ffltu) for __aeabi_ui2f
    ultrasonsic.o(.text) refers to fdiv.o(x$fpl$fdiv) for __aeabi_fdiv
    ultrasonsic.o(.text) refers to faddsub_clz.o(x$fpl$fadd) for __aeabi_fadd
    ultrasonsic.o(.text) refers to ultrasonsic.o(.data) for msHcCount
[...]
    _initio                                   - Undefined Weak Reference
    _mutex_acquire                            - Undefined Weak Reference
    _mutex_release                            - Undefined Weak Reference
    _printf_mbtowc                            - Undefined Weak Reference
    _printf_wc                                - Undefined Weak Reference
    _rand_init                                - Undefined Weak Reference
    _signal_finish                            - Undefined Weak Reference
    _signal_init                              - Undefined Weak Reference
    _terminate_alloc                          - Undefined Weak Reference
    _terminate_user_alloc                     - Undefined Weak Reference
    _terminateio                              - Undefined Weak Reference
    __Vectors_Size                           0x00000130   Number         0  startup_stm32f10x_hd.o ABSOLUTE
    __Vectors                                0x08000000   Data           4  startup_stm32f10x_hd.o(RESET)
    __Vectors_End                            0x08000130   Data           0  startup_stm32f10x_hd.o(RESET)
    __main                                   0x08000131   Thumb Code     8  __main.o(!!!main)
    __scatterload                            0x08000139   Thumb Code     0  __scatter.o(!!!scatter)
    __scatterload_rt2                        0x08000139   Thumb Code    44  __scatter.o(!!!scatter)
    __scatterload_rt2_thumb_only             0x08000139   Thumb Code     0  __scatter.o(!!!scatter)
    __scatterload_null                       0x08000147   Thumb Code     0  __scatter.o(!!!scatter)
    __scatterload_copy                       0x0800016d   Thumb Code    26  __scatter_copy.o(!!handler_copy)
    __scatterload_zeroinit                   0x08000189   Thumb Code    28  __scatter_zi.o(!!handler_zi)
    _printf_n                                0x080001a5   Thumb Code     0  _printf_n.o(.ARM.Collect$$_printf_percent$$00000001)
    _printf_percent                          0x080001a5   Thumb Code     0  _printf_percent.o(.ARM.Collect$$_printf_percent$$00000000)
    _printf_p                                0x080001ab   Thumb Code     0  _printf_p.o(.ARM.Collect$$_printf_percent$$00000002)
    _printf_f                                0x080001b1   Thumb Code     0  _printf_f.o(.ARM.Collect$$_printf_percent$$00000003)
    _printf_e                                0x080001b7   Thumb Code     0  _printf_e.o(.ARM.Collect$$_printf_percent$$00000004)
    _printf_g                                0x080001bd   Thumb Code     0  _printf_g.o(.ARM.Collect$$_printf_percent$$00000005)
    _printf_a                                0x080001c3   Thumb Code     0  _printf_a.o(.ARM.Collect$$_printf_percent$$00000006)
    _printf_ll                               0x080001c9   Thumb Code     0  _printf_ll.o(.ARM.Collect$$_printf_percent$$00000007)
    _printf_i                                0x080001d3   Thumb Code     0  _printf_i.o(.ARM.Collect$$_printf_percent$$00000008)
    _printf_d                                0x080001d9   Thumb Code     0  _printf_d.o(.ARM.Collect$$_printf_percent$$00000009)
    _printf_u                                0x080001df   Thumb Code     0  _printf_u.o(.ARM.Collect$$_printf_percent$$0000000A)
    _printf_o                                0x080001e5   Thumb Code     0  _printf_o.o(.ARM.Collect$$_printf_percent$$0000000B)
    _printf_x                                0x080001eb   Thumb Code     0  _printf_x.o(.ARM.Collect$$_printf_percent$$0000000C)
    _printf_lli                              0x080001f1   Thumb Code     0  _printf_lli.o(.ARM.Collect$$_printf_percent$$0000000D)
    _printf_lld                              0x080001f7   Thumb Code     0  _printf_lld.o(.ARM.Collect$$_printf_percent$$0000000E)
    _printf_llu                              0x080001fd   Thumb Code     0  _printf_llu.o(.ARM.Collect$$_printf_percent$$0000000F)
    _printf_llo                              0x08000203   Thumb Code     0  _printf_llo.o(.ARM.Collect$$_printf_percent$$00000010)
    _printf_llx                              0x08000209   Thumb Code     0  _printf_llx.o(.ARM.Collect$$_printf_percent$$00000011)
    _printf_l                                0x0800020f   Thumb Code     0  _printf_l.o(.ARM.Collect$$_printf_percent$$00000012)
    _printf_c                                0x08000219   Thumb Code     0  _printf_c.o(.ARM.Collect$$_printf_percent$$00000013)
    _printf_s                                0x0800021f   Thumb Code     0  _printf_s.o(.ARM.Collect$$_printf_percent$$00000014)
    _printf_lc                               0x08000225   Thumb Code     0  _printf_lc.o(.ARM.Collect$$_printf_percent$$00000015)
    _printf_ls                               0x0800022b   Thumb Code     0  _printf_ls.o(.ARM.Collect$$_printf_percent$$00000016)
    _printf_percent_end                      0x08000231   Thumb Code     0  _printf_percent_end.o(.ARM.Collect$$_printf_percent$$00000017)
    __rt_lib_init                            0x08000235   Thumb Code     0  libinit.o(.ARM.Collect$$libinit$$00000000)
    __rt_lib_init_fp_1                       0x08000237   Thumb Code     0  libinit2.o(.ARM.Collect$$libinit$$00000002)
    __rt_lib_init_heap_1                     0x08000237   Thumb Code     0  libinit2.o(.ARM.Collect$$libinit$$0000000A)
    __rt_lib_init_lc_common                  0x08000237   Thumb Code     0  libinit2.o(.ARM.Collect$$libinit$$0000000F)
    __rt_lib_init_preinit_1                  0x08000237   Thumb Code     0  libinit2.o(.ARM.Collect$$libinit$$00000004)
    __rt_lib_init_rand_1                     0x08000237   Thumb Code     0  libinit2.o(.ARM.Collect$$libinit$$0000000E)
    __rt_lib_init_user_alloc_1               0x08000237   Thumb Code     0  libinit2.o(.ARM.Collect$$libinit$$0000000C)
    __rt_lib_init_lc_collate_1               0x0800023d   Thumb Code     0  libinit2.o(.ARM.Collect$$libinit$$00000011)
    __rt_lib_init_lc_ctype_2                 0x0800023d   Thumb Code     0  libinit2.o(.ARM.Collect$$libinit$$00000012)
    __rt_lib_init_lc_ctype_1                 0x08000249   Thumb Code     0  libinit2.o(.ARM.Collect$$libinit$$00000013)
    __rt_lib_init_lc_monetary_1              0x08000249   Thumb Code     0  libinit2.o(.ARM.Collect$$libinit$$00000015)
    __rt_lib_init_lc_numeric_2               0x08000249   Thumb Code     0  libinit2.o(.ARM.Collect$$libinit$$00000016)
    __rt_lib_init_alloca_1                   0x08000253   Thumb Code     0  libinit2.o(.ARM.Collect$$libinit$$0000002E)
    __rt_lib_init_argv_1                     0x08000253   Thumb Code     0  libinit2.o(.ARM.Collect$$libinit$$0000002C)
    __rt_lib_init_atexit_1                   0x08000253   Thumb Code     0  libinit2.o(.ARM.Collect$$libinit$$0000001B)
    __rt_lib_init_clock_1                    0x08000253   Thumb Code     0  libinit2.o(.ARM.Collect$$libinit$$00000021)
    __rt_lib_init_cpp_1                      0x08000253   Thumb Code     0  libinit2.o(.ARM.Collect$$libinit$$00000032)
    __rt_lib_init_exceptions_1               0x08000253   Thumb Code     0  libinit2.o(.ARM.Collect$$libinit$$00000030)
    __rt_lib_init_fp_trap_1                  0x08000253   Thumb Code     0  libinit2.o(.ARM.Collect$$libinit$$0000001F)
    __rt_lib_init_getenv_1                   0x08000253   Thumb Code     0  libinit2.o(.ARM.Collect$$libinit$$00000023)
    __rt_lib_init_lc_numeric_1               0x08000253   Thumb Code     0  libinit2.o(.ARM.Collect$$libinit$$00000017)
    __rt_lib_init_lc_time_1                  0x08000253   Thumb Code     0  libinit2.o(.ARM.Collect$$libinit$$00000019)
    __rt_lib_init_return                     0x08000253   Thumb Code     0  libinit2.o(.ARM.Collect$$libinit$$00000033)
    __rt_lib_init_signal_1                   0x08000253   Thumb Code     0  libinit2.o(.ARM.Collect$$libinit$$0000001D)
    __rt_lib_init_stdio_1                    0x08000253   Thumb Code     0  libinit2.o(.ARM.Collect$$libinit$$00000025)
    __rt_lib_shutdown                        0x08000255   Thumb Code     0  libshutdown.o(.ARM.Collect$$libshutdown$$00000000)
    __rt_lib_shutdown_cpp_1                  0x08000257   Thumb Code     0  libshutdown2.o(.ARM.Collect$$libshutdown$$00000002)
    __rt_lib_shutdown_fp_trap_1              0x08000257   Thumb Code     0  libshutdown2.o(.ARM.Collect$$libshutdown$$00000007)
    __rt_lib_shutdown_heap_1                 0x08000257   Thumb Code     0  libshutdown2.o(.ARM.Collect$$libshutdown$$0000000F)
    __rt_lib_shutdown_return                 0x08000257   Thumb Code     0  libshutdown2.o(.ARM.Collect$$libshutdown$$00000010)
    __rt_lib_shutdown_signal_1               0x08000257   Thumb Code     0  libshutdown2.o(.ARM.Collect$$libshutdown$$0000000A)
    __rt_lib_shutdown_stdio_1                0x08000257   Thumb Code     0  libshutdown2.o(.ARM.Collect$$libshutdown$$00000004)
    __rt_lib_shutdown_user_alloc_1           0x08000257   Thumb Code     0  libshutdown2.o(.ARM.Collect$$libshutdown$$0000000C)
    __rt_entry                               0x08000259   Thumb Code     0  __rtentry.o(.ARM.Collect$$rtentry$$00000000)
    __rt_entry_presh_1                       0x08000259   Thumb Code     0  __rtentry2.o(.ARM.Collect$$rtentry$$00000002)
    __rt_entry_sh                            0x08000259   Thumb Code     0  __rtentry4.o(.ARM.Collect$$rtentry$$00000004)
    __rt_entry_li                            0x0800025f   Thumb Code     0  __rtentry2.o(.ARM.Collect$$rtentry$$0000000A)
    __rt_entry_postsh_1                      0x0800025f   Thumb Code     0  __rtentry2.o(.ARM.Collect$$rtentry$$00000009)
    __rt_entry_main                          0x08000263   Thumb Code     0  __rtentry2.o(.ARM.Collect$$rtentry$$0000000D)
    __rt_entry_postli_1                      0x08000263   Thumb Code     0  __rtentry2.o(.ARM.Collect$$rtentry$$0000000C)
    __rt_exit                                0x0800026b   Thumb Code     0  rtexit.o(.ARM.Collect$$rtexit$$00000000)
    __rt_exit_ls                             0x0800026d   Thumb Code     0  rtexit2.o(.ARM.Collect$$rtexit$$00000003)
    __rt_exit_prels_1                        0x0800026d   Thumb Code     0  rtexit2.o(.ARM.Collect$$rtexit$$00000002)
    __rt_exit_exit                           0x08000271   Thumb Code     0  rtexit2.o(.ARM.Collect$$rtexit$$00000004)
    main                                     0x08000279   Thumb Code   790  main.o(.text)
    NMI_Handler                              0x08000635   Thumb Code     2  stm32f10x_it.o(.text)
    HardFault_Handler                        0x08000637   Thumb Code     4  stm32f10x_it.o(.text)
    MemManage_Handler                        0x0800063b   Thumb Code     4  stm32f10x_it.o(.text)
    BusFault_Handler                         0x0800063f   Thumb Code     4  stm32f10x_it.o(.text)
    UsageFault_Handler                       0x08000643   Thumb Code     4  stm32f10x_it.o(.text)
    SVC_Handler                              0x08000647   Thumb Code     2  stm32f10x_it.o(.text)
    DebugMon_Handler                         0x08000649   Thumb Code     2  stm32f10x_it.o(.text)
    PendSV_Handler                           0x0800064b   Thumb Code     2  stm32f10x_it.o(.text)
    SysTick_Handler                          0x0800064d   Thumb Code     2  stm32f10x_it.o(.text)
    SystemInit                               0x0800072f   Thumb Code    78  system_stm32f10x.o(.text)
    SystemCoreClockUpdate                    0x0800077d   Thumb Code   142  system_stm32f10x.o(.text)
    LED_Init                                 0x08000831   Thumb Code    84  led.o(.text)
    LCD_WR_REG                               0x0800088d   Thumb Code     6  lcd.o(.text)
    LCD_WR_DATA                              0x08000893   Thumb Code     8  lcd.o(.text)
    LCD_RD_DATA                              0x0800089b   Thumb Code    16  lcd.o(.text)
    LCD_WriteReg                             0x080008ab   Thumb Code    10  lcd.o(.text)
    LCD_ReadReg                              0x080008b5   Thumb Code    22  lcd.o(.text)
    LCD_WriteRAM_Prepare                     0x080008cb   Thumb Code    10  lcd.o(.text)
    LCD_WriteRAM                             0x080008d5   Thumb Code     8  lcd.o(.text)
    LCD_BGR2RGB                              0x080008dd   Thumb Code    26  lcd.o(.text)
    opt_delay                                0x080008f7   Thumb Code    14  lcd.o(.text)
    LCD_SetCursor                            0x08000905   Thumb Code   524  lcd.o(.text)
    LCD_ReadPoint                            0x08000b11   Thumb Code   406  lcd.o(.text)
    LCD_DisplayOn                            0x08000ca7   Thumb Code   104  lcd.o(.text)
    LCD_DisplayOff                           0x08000d0f   Thumb Code   102  lcd.o(.text)
    LCD_Scan_Dir                             0x08000d75   Thumb Code   756  lcd.o(.text)
    LCD_DrawPoint                            0x08001069   Thumb Code    40  lcd.o(.text)
    LCD_Fast_DrawPoint                       0x08001091   Thumb Code   448  lcd.o(.text)
    LCD_SSD_BackLightSet                     0x08001251   Thumb Code    80  lcd.o(.text)
    LCD_Display_Dir                          0x080012a1   Thumb Code   520  lcd.o(.text)
    LCD_Set_Window                           0x080014a9   Thumb Code   540  lcd.o(.text)
    LCD_Clear                                0x080016c5   Thumb Code   100  lcd.o(.text)
    LCD_Init                                 0x08001729   Thumb Code 14668  lcd.o(.text)
    LCD_Fill                                 0x08005075   Thumb Code   178  lcd.o(.text)
    LCD_Color_Fill                           0x08005127   Thumb Code   100  lcd.o(.text)
    LCD_DrawLine                             0x0800518b   Thumb Code   176  lcd.o(.text)
    LCD_DrawRectangle                        0x0800523b   Thumb Code    60  lcd.o(.text)
    LCD_Draw_Circle                          0x08005277   Thumb Code   152  lcd.o(.text)
    LCD_ShowChar                             0x0800530f   Thumb Code   272  lcd.o(.text)
    LCD_Pow                                  0x0800541f   Thumb Code    22  lcd.o(.text)
    LCD_ShowNum                              0x08005435   Thumb Code   148  lcd.o(.text)
    LCD_ShowxNum                             0x080054c9   Thumb Code   220  lcd.o(.text)
    LCD_ShowString                           0x080055a5   Thumb Code   102  lcd.o(.text)
    Matrix_ssKey_Pin_Init                    0x0800560d   Thumb Code    60  matrixkey.o(.text)
    Matrix_Key_Scan                          0x08005649   Thumb Code   630  matrixkey.o(.text)
    AD_Init                                  0x080058c5   Thumb Code   150  ad.o(.text)
    AD_GetValue                              0x0800595b   Thumb Code    32  ad.o(.text)
    CounterSensor_Init                       0x08005985   Thumb Code   116  countersensor.o(.text)
    CounterSensor_Get                        0x080059f9   Thumb Code    14  countersensor.o(.text)
    EXTI9_5_IRQHandler                       0x08005a07   Thumb Code    36  countersensor.o(.text)
    Timer_Init                               0x08005a35   Thumb Code   120  timer.o(.text)
    TIM3_IRQHandler                          0x08005aad   Thumb Code    48  timer.o(.text)
    H_Init                                   0x08005b0b   Thumb Code   148  ultrasonsic.o(.text)
    initH_                                   0x08005b9f   Thumb Code     8  ultrasonsic.o(.text)
    TIM4_IRQHandler                          0x08005bcd   Thumb Code    32  ultrasonsic.o(.text)
    GetEchoTimer                             0x08005bed   Thumb Code    42  ultrasonsic.o(.text)
    H_GetLength                              0x08005c17   Thumb Code   128  ultrasonsic.o(.text)
    my_esp8266_init                          0x08005cad   Thumb Code   106  esp8266.o(.text)
    esp8266_wait_receive                     0x08005d17   Thumb Code    42  esp8266.o(.text)
    esp8266_clear                            0x08005d41   Thumb Code    18  esp8266.o(.text)
    esp8266_send_command                     0x08005d53   Thumb Code    54  esp8266.o(.text)
    esp8266_restore                          0x08005d89   Thumb Code    12  esp8266.o(.text)
    esp8266_at_test                          0x08005d95   Thumb Code    12  esp8266.o(.text)
    esp8266_set_mode                         0x08005da1   Thumb Code    52  esp8266.o(.text)
    esp8266_sw_reset                         0x08005dd5   Thumb Code    12  esp8266.o(.text)
    esp8266_ate_config                       0x08005de1   Thumb Code    36  esp8266.o(.text)
    esp8266_join_ap                          0x08005e05   Thumb Code    32  esp8266.o(.text)
    esp8266_get_ip                           0x08005e25   Thumb Code    56  esp8266.o(.text)
    esp8266_connect_tcp_server               0x08005e5d   Thumb Code    32  esp8266.o(.text)
    esp8266_disconnect_tcp_server            0x08005e7d   Thumb Code    12  esp8266.o(.text)
    esp8266_enter_unvarnished                0x08005e89   Thumb Code    34  esp8266.o(.text)
    esp8266_exit_unvarnished                 0x08005eab   Thumb Code    12  esp8266.o(.text)
    esp8266_single_connection                0x08005eb7   Thumb Code    12  esp8266.o(.text)
    esp8266_init                             0x08005ec3   Thumb Code   212  esp8266.o(.text)
    esp8266_uart_printf                      0x08005f97   Thumb Code    36  esp8266.o(.text)
    delay_init                               0x080061bd   Thumb Code    50  delay.o(.text)
    delay_us                                 0x080061ef   Thumb Code    72  delay.o(.text)
    delay_ms                                 0x08006237   Thumb Code    72  delay.o(.text)
    _sys_exit                                0x08006291   Thumb Code     4  usart.o(.text)
    fputc                                    0x08006295   Thumb Code    24  usart.o(.text)
    uart_init                                0x080062ad   Thumb Code   152  usart.o(.text)
    USART1_IRQHandler                        0x08006345   Thumb Code   122  usart.o(.text)
    Reset_Handler                            0x080063d1   Thumb Code     8  startup_stm32f10x_hd.o(.text)
    ADC1_2_IRQHandler                        0x080063eb   Thumb Code     0  startup_stm32f10x_hd.o(.text)
    ADC3_IRQHandler                          0x080063eb   Thumb Code     0  startup_stm32f10x_hd.o(.text)
    CAN1_RX1_IRQHandler                      0x080063eb   Thumb Code     0  startup_stm32f10x_hd.o(.text)
    CAN1_SCE_IRQHandler                      0x080063eb   Thumb Code     0  startup_stm32f10x_hd.o(.text)
    DMA1_Channel1_IRQHandler                 0x080063eb   Thumb Code     0  startup_stm32f10x_hd.o(.text)
    DMA1_Channel2_IRQHandler                 0x080063eb   Thumb Code     0  startup_stm32f10x_hd.o(.text)
    DMA1_Channel3_IRQHandler                 0x080063eb   Thumb Code     0  startup_stm32f10x_hd.o(.text)
    DMA1_Channel4_IRQHandler                 0x080063eb   Thumb Code     0  startup_stm32f10x_hd.o(.text)
    DMA1_Channel5_IRQHandler                 0x080063eb   Thumb Code     0  startup_stm32f10x_hd.o(.text)
    DMA1_Channel6_IRQHandler                 0x080063eb   Thumb Code     0  startup_stm32f10x_hd.o(.text)
    DMA1_Channel7_IRQHandler                 0x080063eb   Thumb Code     0  startup_stm32f10x_hd.o(.text)
    DMA2_Channel1_IRQHandler                 0x080063eb   Thumb Code     0  startup_stm32f10x_hd.o(.text)
    DMA2_Channel2_IRQHandler                 0x080063eb   Thumb Code     0  startup_stm32f10x_hd.o(.text)
    DMA2_Channel3_IRQHandler                 0x080063eb   Thumb Code     0  startup_stm32f10x_hd.o(.text)
    DMA2_Channel4_5_IRQHandler               0x080063eb   Thumb Code     0  startup_stm32f10x_hd.o(.text)
    EXTI0_IRQHandler                         0x080063eb   Thumb Code     0  startup_stm32f10x_hd.o(.text)
    EXTI15_10_IRQHandler                     0x080063eb   Thumb Code     0  startup_stm32f10x_hd.o(.text)
    EXTI1_IRQHandler                         0x080063eb   Thumb Code     0  startup_stm32f10x_hd.o(.text)
    EXTI2_IRQHandler                         0x080063eb   Thumb Code     0  startup_stm32f10x_hd.o(.text)
    EXTI3_IRQHandler                         0x080063eb   Thumb Code     0  startup_stm32f10x_hd.o(.text)
    EXTI4_IRQHandler                         0x080063eb   Thumb Code     0  startup_stm32f10x_hd.o(.text)
    FLASH_IRQHandler                         0x080063eb   Thumb Code     0  startup_stm32f10x_hd.o(.text)
    FSMC_IRQHandler                          0x080063eb   Thumb Code     0  startup_stm32f10x_hd.o(.text)
    I2C1_ER_IRQHandler                       0x080063eb   Thumb Code     0  startup_stm32f10x_hd.o(.text)
    I2C1_EV_IRQHandler                       0x080063eb   Thumb Code     0  startup_stm32f10x_hd.o(.text)
    I2C2_ER_IRQHandler                       0x080063eb   Thumb Code     0  startup_stm32f10x_hd.o(.text)
    I2C2_EV_IRQHandler                       0x080063eb   Thumb Code     0  startup_stm32f10x_hd.o(.text)
    PVD_IRQHandler                           0x080063eb   Thumb Code     0  startup_stm32f10x_hd.o(.text)
    RCC_IRQHandler                           0x080063eb   Thumb Code     0  startup_stm32f10x_hd.o(.text)
    RTCAlarm_IRQHandler                      0x080063eb   Thumb Code     0  startup_stm32f10x_hd.o(.text)
    RTC_IRQHandler                           0x080063eb   Thumb Code     0  startup_stm32f10x_hd.o(.text)
    SDIO_IRQHandler                          0x080063eb   Thumb Code     0  startup_stm32f10x_hd.o(.text)
    SPI1_IRQHandler                          0x080063eb   Thumb Code     0  startup_stm32f10x_hd.o(.text)
    SPI2_IRQHandler                          0x080063eb   Thumb Code     0  startup_stm32f10x_hd.o(.text)
    SPI3_IRQHandler                          0x080063eb   Thumb Code     0  startup_stm32f10x_hd.o(.text)
    TAMPER_IRQHandler                        0x080063eb   Thumb Code     0  startup_stm32f10x_hd.o(.text)
    TIM1_BRK_IRQHandler                      0x080063eb   Thumb Code     0  startup_stm32f10x_hd.o(.text)
    TIM1_CC_IRQHandler                       0x080063eb   Thumb Code     0  startup_stm32f10x_hd.o(.text)
    TIM1_TRG_COM_IRQHandler                  0x080063eb   Thumb Code     0  startup_stm32f10x_hd.o(.text)
    TIM1_UP_IRQHandler                       0x080063eb   Thumb Code     0  startup_stm32f10x_hd.o(.text)
    TIM2_IRQHandler                          0x080063eb   Thumb Code     0  startup_stm32f10x_hd.o(.text)
    TIM5_IRQHandler                          0x080063eb   Thumb Code     0  startup_stm32f10x_hd.o(.text)
    TIM6_IRQHandler                          0x080063eb   Thumb Code     0  startup_stm32f10x_hd.o(.text)
    TIM7_IRQHandler                          0x080063eb   Thumb Code     0  startup_stm32f10x_hd.o(.text)
    TIM8_BRK_IRQHandler                      0x080063eb   Thumb Code     0  startup_stm32f10x_hd.o(.text)
    TIM8_CC_IRQHandler                       0x080063eb   Thumb Code     0  startup_stm32f10x_hd.o(.text)
    TIM8_TRG_COM_IRQHandler                  0x080063eb   Thumb Code     0  startup_stm32f10x_hd.o(.text)
    TIM8_UP_IRQHandler                       0x080063eb   Thumb Code     0  startup_stm32f10x_hd.o(.text)
    UART4_IRQHandler                         0x080063eb   Thumb Code     0  startup_stm32f10x_hd.o(.text)
    UART5_IRQHandler                         0x080063eb   Thumb Code     0  startup_stm32f10x_hd.o(.text)
    USART2_IRQHandler                        0x080063eb   Thumb Code     0  startup_stm32f10x_hd.o(.text)
    USART3_IRQHandler                        0x080063eb   Thumb Code     0  startup_stm32f10x_hd.o(.text)
    USBWakeUp_IRQHandler                     0x080063eb   Thumb Code     0  startup_stm32f10x_hd.o(.text)
    USB_HP_CAN1_TX_IRQHandler                0x080063eb   Thumb Code     0  startup_stm32f10x_hd.o(.text)
    USB_LP_CAN1_RX0_IRQHandler               0x080063eb   Thumb Code     0  startup_stm32f10x_hd.o(.text)
    WWDG_IRQHandler                          0x080063eb   Thumb Code     0  startup_stm32f10x_hd.o(.text)
    __user_initial_stackheap                 0x080063ed   Thumb Code     0  startup_stm32f10x_hd.o(.text)
    NVIC_PriorityGroupConfig                 0x08006411   Thumb Code    10  misc.o(.text)
    NVIC_Init                                0x0800641b   Thumb Code   100  misc.o(.text)
    NVIC_SetVectorTable                      0x0800647f   Thumb Code    14  misc.o(.text)
    NVIC_SystemLPConfig                      0x0800648d   Thumb Code    34  misc.o(.text)
    SysTick_CLKSourceConfig                  0x080064af   Thumb Code    40  misc.o(.text)
    FSMC_NORSRAMDeInit                       0x080064ed   Thumb Code    54  stm32f10x_fsmc.o(.text)
    FSMC_NANDDeInit                          0x08006523   Thumb Code    62  stm32f10x_fsmc.o(.text)
    FSMC_PCCARDDeInit                        0x08006561   Thumb Code    36  stm32f10x_fsmc.o(.text)
    FSMC_NORSRAMInit                         0x08006585   Thumb Code   230  stm32f10x_fsmc.o(.text)
    FSMC_NANDInit                            0x0800666b   Thumb Code   132  stm32f10x_fsmc.o(.text)
    FSMC_PCCARDInit                          0x080066ef   Thumb Code   130  stm32f10x_fsmc.o(.text)
    FSMC_NORSRAMStructInit                   0x08006771   Thumb Code   114  stm32f10x_fsmc.o(.text)
    FSMC_NANDStructInit                      0x080067e3   Thumb Code    54  stm32f10x_fsmc.o(.text)
    FSMC_PCCARDStructInit                    0x08006819   Thumb Code    60  stm32f10x_fsmc.o(.text)
    FSMC_NORSRAMCmd                          0x08006855   Thumb Code    46  stm32f10x_fsmc.o(.text)
    FSMC_NANDCmd                             0x08006883   Thumb Code    86  stm32f10x_fsmc.o(.text)
    FSMC_PCCARDCmd                           0x080068d9   Thumb Code    44  stm32f10x_fsmc.o(.text)
    FSMC_NANDECCCmd                          0x08006905   Thumb Code    90  stm32f10x_fsmc.o(.text)
    FSMC_GetECC                              0x0800695f   Thumb Code    24  stm32f10x_fsmc.o(.text)
    FSMC_ITConfig                            0x08006977   Thumb Code   128  stm32f10x_fsmc.o(.text)
    FSMC_GetFlagStatus                       0x080069f7   Thumb Code    54  stm32f10x_fsmc.o(.text)
    FSMC_ClearFlag                           0x08006a2d   Thumb Code    62  stm32f10x_fsmc.o(.text)
    FSMC_GetITStatus                         0x08006a6b   Thumb Code    64  stm32f10x_fsmc.o(.text)
    FSMC_ClearITPendingBit                   0x08006aab   Thumb Code    68  stm32f10x_fsmc.o(.text)
    GPIO_DeInit                              0x08006af9   Thumb Code   172  stm32f10x_gpio.o(.text)
    GPIO_AFIODeInit                          0x08006ba5   Thumb Code    20  stm32f10x_gpio.o(.text)
    GPIO_Init                                0x08006bb9   Thumb Code   278  stm32f10x_gpio.o(.text)
    GPIO_StructInit                          0x08006ccf   Thumb Code    16  stm32f10x_gpio.o(.text)
    GPIO_ReadInputDataBit                    0x08006cdf   Thumb Code    18  stm32f10x_gpio.o(.text)
    GPIO_ReadInputData                       0x08006cf1   Thumb Code     8  stm32f10x_gpio.o(.text)
    GPIO_ReadOutputDataBit                   0x08006cf9   Thumb Code    18  stm32f10x_gpio.o(.text)
    GPIO_ReadOutputData                      0x08006d0b   Thumb Code     8  stm32f10x_gpio.o(.text)
    GPIO_SetBits                             0x08006d13   Thumb Code     4  stm32f10x_gpio.o(.text)
    GPIO_ResetBits                           0x08006d17   Thumb Code     4  stm32f10x_gpio.o(.text)
    GPIO_WriteBit                            0x08006d1b   Thumb Code    10  stm32f10x_gpio.o(.text)
    GPIO_Write                               0x08006d25   Thumb Code     4  stm32f10x_gpio.o(.text)
    GPIO_PinLockConfig                       0x08006d29   Thumb Code    18  stm32f10x_gpio.o(.text)
    GPIO_EventOutputConfig                   0x08006d3b   Thumb Code    26  stm32f10x_gpio.o(.text)
    GPIO_EventOutputCmd                      0x08006d55   Thumb Code     6  stm32f10x_gpio.o(.text)
    GPIO_PinRemapConfig                      0x08006d5b   Thumb Code   138  stm32f10x_gpio.o(.text)
    GPIO_EXTILineConfig                      0x08006de5   Thumb Code    66  stm32f10x_gpio.o(.text)
    GPIO_ETH_MediaInterfaceConfig            0x08006e27   Thumb Code     8  stm32f10x_gpio.o(.text)
    RCC_DeInit                               0x08006e55   Thumb Code    64  stm32f10x_rcc.o(.text)
    RCC_HSEConfig                            0x08006e95   Thumb Code    70  stm32f10x_rcc.o(.text)
    RCC_GetFlagStatus                        0x08006edb   Thumb Code    56  stm32f10x_rcc.o(.text)
    RCC_WaitForHSEStartUp                    0x08006f13   Thumb Code    56  stm32f10x_rcc.o(.text)
    RCC_AdjustHSICalibrationValue            0x08006f4b   Thumb Code    20  stm32f10x_rcc.o(.text)
    RCC_HSICmd                               0x08006f5f   Thumb Code     6  stm32f10x_rcc.o(.text)
    RCC_PLLConfig                            0x08006f65   Thumb Code    24  stm32f10x_rcc.o(.text)
    RCC_PLLCmd                               0x08006f7d   Thumb Code     6  stm32f10x_rcc.o(.text)
    RCC_SYSCLKConfig                         0x08006f83   Thumb Code    18  stm32f10x_rcc.o(.text)
    RCC_GetSYSCLKSource                      0x08006f95   Thumb Code    10  stm32f10x_rcc.o(.text)
    RCC_HCLKConfig                           0x08006f9f   Thumb Code    18  stm32f10x_rcc.o(.text)
    RCC_PCLK1Config                          0x08006fb1   Thumb Code    18  stm32f10x_rcc.o(.text)
    RCC_PCLK2Config                          0x08006fc3   Thumb Code    20  stm32f10x_rcc.o(.text)
    RCC_ITConfig                             0x08006fd7   Thumb Code    26  stm32f10x_rcc.o(.text)
    RCC_USBCLKConfig                         0x08006ff1   Thumb Code     8  stm32f10x_rcc.o(.text)
    RCC_ADCCLKConfig                         0x08006ff9   Thumb Code    18  stm32f10x_rcc.o(.text)
    RCC_LSEConfig                            0x0800700b   Thumb Code    50  stm32f10x_rcc.o(.text)
    RCC_LSICmd                               0x0800703d   Thumb Code     6  stm32f10x_rcc.o(.text)
    RCC_RTCCLKConfig                         0x08007043   Thumb Code    12  stm32f10x_rcc.o(.text)
    RCC_RTCCLKCmd                            0x0800704f   Thumb Code     8  stm32f10x_rcc.o(.text)
    RCC_GetClocksFreq                        0x08007057   Thumb Code   192  stm32f10x_rcc.o(.text)
    RCC_AHBPeriphClockCmd                    0x08007117   Thumb Code    26  stm32f10x_rcc.o(.text)
    RCC_APB2PeriphClockCmd                   0x08007131   Thumb Code    26  stm32f10x_rcc.o(.text)
    RCC_APB1PeriphClockCmd                   0x0800714b   Thumb Code    26  stm32f10x_rcc.o(.text)
    RCC_APB2PeriphResetCmd                   0x08007165   Thumb Code    26  stm32f10x_rcc.o(.text)
    RCC_APB1PeriphResetCmd                   0x0800717f   Thumb Code    26  stm32f10x_rcc.o(.text)
    RCC_BackupResetCmd                       0x08007199   Thumb Code     8  stm32f10x_rcc.o(.text)
    RCC_ClockSecuritySystemCmd               0x080071a1   Thumb Code     6  stm32f10x_rcc.o(.text)
    RCC_MCOConfig                            0x080071a7   Thumb Code     6  stm32f10x_rcc.o(.text)
    RCC_ClearFlag                            0x080071ad   Thumb Code    14  stm32f10x_rcc.o(.text)
    RCC_GetITStatus                          0x080071bb   Thumb Code    20  stm32f10x_rcc.o(.text)
    RCC_ClearITPendingBit                    0x080071cf   Thumb Code     6  stm32f10x_rcc.o(.text)
    USART_DeInit                             0x080071f9   Thumb Code   134  stm32f10x_usart.o(.text)
    USART_Init                               0x0800727f   Thumb Code   210  stm32f10x_usart.o(.text)
    USART_StructInit                         0x08007351   Thumb Code    24  stm32f10x_usart.o(.text)
    USART_ClockInit                          0x08007369   Thumb Code    34  stm32f10x_usart.o(.text)
    USART_ClockStructInit                    0x0800738b   Thumb Code    12  stm32f10x_usart.o(.text)
    USART_Cmd                                0x08007397   Thumb Code    24  stm32f10x_usart.o(.text)
    USART_ITConfig                           0x080073af   Thumb Code    74  stm32f10x_usart.o(.text)
    USART_DMACmd                             0x080073f9   Thumb Code    18  stm32f10x_usart.o(.text)
    USART_SetAddress                         0x0800740b   Thumb Code    18  stm32f10x_usart.o(.text)
    USART_WakeUpConfig                       0x0800741d   Thumb Code    18  stm32f10x_usart.o(.text)
    USART_ReceiverWakeUpCmd                  0x0800742f   Thumb Code    24  stm32f10x_usart.o(.text)
    USART_LINBreakDetectLengthConfig         0x08007447   Thumb Code    18  stm32f10x_usart.o(.text)
    USART_LINCmd                             0x08007459   Thumb Code    24  stm32f10x_usart.o(.text)
    USART_SendData                           0x08007471   Thumb Code     8  stm32f10x_usart.o(.text)
    USART_ReceiveData                        0x08007479   Thumb Code    10  stm32f10x_usart.o(.text)
    USART_SendBreak                          0x08007483   Thumb Code    10  stm32f10x_usart.o(.text)
    USART_SetGuardTime                       0x0800748d   Thumb Code    16  stm32f10x_usart.o(.text)
    USART_SetPrescaler                       0x0800749d   Thumb Code    16  stm32f10x_usart.o(.text)
    USART_SmartCardCmd                       0x080074ad   Thumb Code    24  stm32f10x_usart.o(.text)
    USART_SmartCardNACKCmd                   0x080074c5   Thumb Code    24  stm32f10x_usart.o(.text)
    USART_HalfDuplexCmd                      0x080074dd   Thumb Code    24  stm32f10x_usart.o(.text)
    USART_OverSampling8Cmd                   0x080074f5   Thumb Code    22  stm32f10x_usart.o(.text)
    USART_OneBitMethodCmd                    0x0800750b   Thumb Code    24  stm32f10x_usart.o(.text)
    USART_IrDAConfig                         0x08007523   Thumb Code    18  stm32f10x_usart.o(.text)
    USART_IrDACmd                            0x08007535   Thumb Code    24  stm32f10x_usart.o(.text)
    USART_GetFlagStatus                      0x0800754d   Thumb Code    26  stm32f10x_usart.o(.text)
    USART_ClearFlag                          0x08007567   Thumb Code    18  stm32f10x_usart.o(.text)
    USART_GetITStatus                        0x08007579   Thumb Code    84  stm32f10x_usart.o(.text)
    USART_ClearITPendingBit                  0x080075cd   Thumb Code    52  stm32f10x_usart.o(.text)
    ADC_DeInit                               0x08007601   Thumb Code    78  stm32f10x_adc.o(.text)
    ADC_Init                                 0x0800764f   Thumb Code    70  stm32f10x_adc.o(.text)
    ADC_StructInit                           0x08007695   Thumb Code    18  stm32f10x_adc.o(.text)
    ADC_Cmd                                  0x080076a7   Thumb Code    22  stm32f10x_adc.o(.text)
    ADC_DMACmd                               0x080076bd   Thumb Code    22  stm32f10x_adc.o(.text)
    ADC_ITConfig                             0x080076d3   Thumb Code    24  stm32f10x_adc.o(.text)
    ADC_ResetCalibration                     0x080076eb   Thumb Code    10  stm32f10x_adc.o(.text)
    ADC_GetResetCalibrationStatus            0x080076f5   Thumb Code    20  stm32f10x_adc.o(.text)
    ADC_StartCalibration                     0x08007709   Thumb Code    10  stm32f10x_adc.o(.text)
    ADC_GetCalibrationStatus                 0x08007713   Thumb Code    20  stm32f10x_adc.o(.text)
    ADC_SoftwareStartConvCmd                 0x08007727   Thumb Code    22  stm32f10x_adc.o(.text)
    ADC_GetSoftwareStartConvStatus           0x0800773d   Thumb Code    20  stm32f10x_adc.o(.text)
    ADC_DiscModeChannelCountConfig           0x08007751   Thumb Code    24  stm32f10x_adc.o(.text)
    ADC_DiscModeCmd                          0x08007769   Thumb Code    22  stm32f10x_adc.o(.text)
    ADC_RegularChannelConfig                 0x0800777f   Thumb Code   184  stm32f10x_adc.o(.text)
    ADC_ExternalTrigConvCmd                  0x08007837   Thumb Code    22  stm32f10x_adc.o(.text)
    ADC_GetConversionValue                   0x0800784d   Thumb Code     8  stm32f10x_adc.o(.text)
    ADC_GetDualModeConversionValue           0x08007855   Thumb Code     8  stm32f10x_adc.o(.text)
    ADC_AutoInjectedConvCmd                  0x0800785d   Thumb Code    22  stm32f10x_adc.o(.text)
    ADC_InjectedDiscModeCmd                  0x08007873   Thumb Code    22  stm32f10x_adc.o(.text)
    ADC_ExternalTrigInjectedConvConfig       0x08007889   Thumb Code    16  stm32f10x_adc.o(.text)
    ADC_ExternalTrigInjectedConvCmd          0x08007899   Thumb Code    22  stm32f10x_adc.o(.text)
    ADC_SoftwareStartInjectedConvCmd         0x080078af   Thumb Code    22  stm32f10x_adc.o(.text)
    ADC_GetSoftwareStartInjectedConvCmdStatus 0x080078c5   Thumb Code    20  stm32f10x_adc.o(.text)
    ADC_InjectedChannelConfig                0x080078d9   Thumb Code   130  stm32f10x_adc.o(.text)
    ADC_InjectedSequencerLengthConfig        0x0800795b   Thumb Code    24  stm32f10x_adc.o(.text)
    ADC_SetInjectedOffset                    0x08007973   Thumb Code    20  stm32f10x_adc.o(.text)
    ADC_GetInjectedConversionValue           0x08007987   Thumb Code    28  stm32f10x_adc.o(.text)
    ADC_AnalogWatchdogCmd                    0x080079a3   Thumb Code    16  stm32f10x_adc.o(.text)
    ADC_AnalogWatchdogThresholdsConfig       0x080079b3   Thumb Code     6  stm32f10x_adc.o(.text)
    ADC_AnalogWatchdogSingleChannelConfig    0x080079b9   Thumb Code    16  stm32f10x_adc.o(.text)
    ADC_TempSensorVrefintCmd                 0x080079c9   Thumb Code    64  stm32f10x_adc.o(.text)
    ADC_GetFlagStatus                        0x08007a09   Thumb Code    18  stm32f10x_adc.o(.text)
    ADC_ClearFlag                            0x08007a1b   Thumb Code     6  stm32f10x_adc.o(.text)
    ADC_GetITStatus                          0x08007a21   Thumb Code    36  stm32f10x_adc.o(.text)
    ADC_ClearITPendingBit                    0x08007a45   Thumb Code    10  stm32f10x_adc.o(.text)
    EXTI_DeInit                              0x08007a51   Thumb Code    28  stm32f10x_exti.o(.text)
    EXTI_Init                                0x08007a6d   Thumb Code   142  stm32f10x_exti.o(.text)
    EXTI_StructInit                          0x08007afb   Thumb Code    16  stm32f10x_exti.o(.text)
    EXTI_GenerateSWInterrupt                 0x08007b0b   Thumb Code    16  stm32f10x_exti.o(.text)
    EXTI_GetFlagStatus                       0x08007b1b   Thumb Code    22  stm32f10x_exti.o(.text)
    EXTI_ClearFlag                           0x08007b31   Thumb Code     8  stm32f10x_exti.o(.text)
    EXTI_GetITStatus                         0x08007b39   Thumb Code    34  stm32f10x_exti.o(.text)
    EXTI_ClearITPendingBit                   0x08007b5b   Thumb Code     8  stm32f10x_exti.o(.text)
    TIM_DeInit                               0x08007b6d   Thumb Code   424  stm32f10x_tim.o(.text)
    TIM_TimeBaseInit                         0x08007d15   Thumb Code   122  stm32f10x_tim.o(.text)
    TIM_OC1Init                              0x08007d8f   Thumb Code   132  stm32f10x_tim.o(.text)
    TIM_OC2Init                              0x08007e13   Thumb Code   154  stm32f10x_tim.o(.text)
    TIM_OC3Init                              0x08007ead   Thumb Code   150  stm32f10x_tim.o(.text)
    TIM_OC4Init                              0x08007f43   Thumb Code   182  stm32f10x_tim.o(.text)
    TIM_SetIC4Prescaler                      0x08007ff9   Thumb Code    26  stm32f10x_tim.o(.text)
    TIM_SetIC3Prescaler                      0x08008095   Thumb Code    18  stm32f10x_tim.o(.text)
    TIM_SetIC2Prescaler                      0x08008121   Thumb Code    26  stm32f10x_tim.o(.text)
    TIM_SetIC1Prescaler                      0x080081bd   Thumb Code    18  stm32f10x_tim.o(.text)
    TIM_ICInit                               0x0800823b   Thumb Code   150  stm32f10x_tim.o(.text)
    TIM_PWMIConfig                           0x080082d1   Thumb Code   124  stm32f10x_tim.o(.text)
    TIM_BDTRConfig                           0x0800834d   Thumb Code    32  stm32f10x_tim.o(.text)
    TIM_TimeBaseStructInit                   0x0800836d   Thumb Code    18  stm32f10x_tim.o(.text)
    TIM_OCStructInit                         0x0800837f   Thumb Code    20  stm32f10x_tim.o(.text)
    TIM_ICStructInit                         0x08008393   Thumb Code    18  stm32f10x_tim.o(.text)
    TIM_BDTRStructInit                       0x080083a5   Thumb Code    40  stm32f10x_tim.o(.text)
    TIM_Cmd                                  0x080083cd   Thumb Code    24  stm32f10x_tim.o(.text)
    TIM_CtrlPWMOutputs                       0x080083e5   Thumb Code    30  stm32f10x_tim.o(.text)
    TIM_ITConfig                             0x08008403   Thumb Code    18  stm32f10x_tim.o(.text)
    TIM_GenerateEvent                        0x08008415   Thumb Code     4  stm32f10x_tim.o(.text)
    TIM_DMAConfig                            0x08008419   Thumb Code    10  stm32f10x_tim.o(.text)
    TIM_DMACmd                               0x08008423   Thumb Code    18  stm32f10x_tim.o(.text)
    TIM_InternalClockConfig                  0x08008435   Thumb Code    12  stm32f10x_tim.o(.text)
    TIM_SelectInputTrigger                   0x08008441   Thumb Code    18  stm32f10x_tim.o(.text)
    TIM_ITRxExternalClockConfig              0x08008453   Thumb Code    24  stm32f10x_tim.o(.text)
    TIM_TIxExternalClockConfig               0x0800846b   Thumb Code    62  stm32f10x_tim.o(.text)
    TIM_ETRConfig                            0x080084a9   Thumb Code    28  stm32f10x_tim.o(.text)
    TIM_ETRClockMode1Config                  0x080084c5   Thumb Code    54  stm32f10x_tim.o(.text)
    TIM_ETRClockMode2Config                  0x080084fb   Thumb Code    32  stm32f10x_tim.o(.text)
    TIM_PrescalerConfig                      0x0800851b   Thumb Code     6  stm32f10x_tim.o(.text)
    TIM_CounterModeConfig                    0x08008521   Thumb Code    18  stm32f10x_tim.o(.text)
    TIM_EncoderInterfaceConfig               0x08008533   Thumb Code    66  stm32f10x_tim.o(.text)
    TIM_ForcedOC1Config                      0x08008575   Thumb Code    18  stm32f10x_tim.o(.text)
    TIM_ForcedOC2Config                      0x08008587   Thumb Code    26  stm32f10x_tim.o(.text)
    TIM_ForcedOC3Config                      0x080085a1   Thumb Code    18  stm32f10x_tim.o(.text)
    TIM_ForcedOC4Config                      0x080085b3   Thumb Code    26  stm32f10x_tim.o(.text)
    TIM_ARRPreloadConfig                     0x080085cd   Thumb Code    24  stm32f10x_tim.o(.text)
    TIM_SelectCOM                            0x080085e5   Thumb Code    24  stm32f10x_tim.o(.text)
    TIM_SelectCCDMA                          0x080085fd   Thumb Code    24  stm32f10x_tim.o(.text)
    TIM_CCPreloadControl                     0x08008615   Thumb Code    24  stm32f10x_tim.o(.text)
    TIM_OC1PreloadConfig                     0x0800862d   Thumb Code    18  stm32f10x_tim.o(.text)
    TIM_OC2PreloadConfig                     0x0800863f   Thumb Code    26  stm32f10x_tim.o(.text)
    TIM_OC3PreloadConfig                     0x08008659   Thumb Code    18  stm32f10x_tim.o(.text)
    TIM_OC4PreloadConfig                     0x0800866b   Thumb Code    26  stm32f10x_tim.o(.text)
    TIM_OC1FastConfig                        0x08008685   Thumb Code    18  stm32f10x_tim.o(.text)
    TIM_OC2FastConfig                        0x08008697   Thumb Code    26  stm32f10x_tim.o(.text)
    TIM_OC3FastConfig                        0x080086b1   Thumb Code    18  stm32f10x_tim.o(.text)
    TIM_OC4FastConfig                        0x080086c3   Thumb Code    26  stm32f10x_tim.o(.text)
    TIM_ClearOC1Ref                          0x080086dd   Thumb Code    18  stm32f10x_tim.o(.text)
    TIM_ClearOC2Ref                          0x080086ef   Thumb Code    24  stm32f10x_tim.o(.text)
    TIM_ClearOC3Ref                          0x08008707   Thumb Code    18  stm32f10x_tim.o(.text)
    TIM_ClearOC4Ref                          0x08008719   Thumb Code    24  stm32f10x_tim.o(.text)
    TIM_OC1PolarityConfig                    0x08008731   Thumb Code    18  stm32f10x_tim.o(.text)
    TIM_OC1NPolarityConfig                   0x08008743   Thumb Code    18  stm32f10x_tim.o(.text)
    TIM_OC2PolarityConfig                    0x08008755   Thumb Code    26  stm32f10x_tim.o(.text)
    TIM_OC2NPolarityConfig                   0x0800876f   Thumb Code    26  stm32f10x_tim.o(.text)
    TIM_OC3PolarityConfig                    0x08008789   Thumb Code    26  stm32f10x_tim.o(.text)
    TIM_OC3NPolarityConfig                   0x080087a3   Thumb Code    26  stm32f10x_tim.o(.text)
    TIM_OC4PolarityConfig                    0x080087bd   Thumb Code    26  stm32f10x_tim.o(.text)
    TIM_CCxCmd                               0x080087d7   Thumb Code    30  stm32f10x_tim.o(.text)
    TIM_CCxNCmd                              0x080087f5   Thumb Code    30  stm32f10x_tim.o(.text)
    TIM_SelectOCxM                           0x08008813   Thumb Code    82  stm32f10x_tim.o(.text)
    TIM_UpdateDisableConfig                  0x08008865   Thumb Code    24  stm32f10x_tim.o(.text)
    TIM_UpdateRequestConfig                  0x0800887d   Thumb Code    24  stm32f10x_tim.o(.text)
    TIM_SelectHallSensor                     0x08008895   Thumb Code    24  stm32f10x_tim.o(.text)
    TIM_SelectOnePulseMode                   0x080088ad   Thumb Code    18  stm32f10x_tim.o(.text)
    TIM_SelectOutputTrigger                  0x080088bf   Thumb Code    18  stm32f10x_tim.o(.text)
    TIM_SelectSlaveMode                      0x080088d1   Thumb Code    18  stm32f10x_tim.o(.text)
    TIM_SelectMasterSlaveMode                0x080088e3   Thumb Code    18  stm32f10x_tim.o(.text)
    TIM_SetCounter                           0x080088f5   Thumb Code     4  stm32f10x_tim.o(.text)
    TIM_SetAutoreload                        0x080088f9   Thumb Code     4  stm32f10x_tim.o(.text)
    TIM_SetCompare1                          0x080088fd   Thumb Code     4  stm32f10x_tim.o(.text)
    TIM_SetCompare2                          0x08008901   Thumb Code     4  stm32f10x_tim.o(.text)
    TIM_SetCompare3                          0x08008905   Thumb Code     4  stm32f10x_tim.o(.text)
    TIM_SetCompare4                          0x08008909   Thumb Code     6  stm32f10x_tim.o(.text)
    TIM_SetClockDivision                     0x0800890f   Thumb Code    18  stm32f10x_tim.o(.text)
    TIM_GetCapture1                          0x08008921   Thumb Code     6  stm32f10x_tim.o(.text)
    TIM_GetCapture2                          0x08008927   Thumb Code     6  stm32f10x_tim.o(.text)
    TIM_GetCapture3                          0x0800892d   Thumb Code     6  stm32f10x_tim.o(.text)
    TIM_GetCapture4                          0x08008933   Thumb Code     8  stm32f10x_tim.o(.text)
    TIM_GetCounter                           0x0800893b   Thumb Code     6  stm32f10x_tim.o(.text)
    TIM_GetPrescaler                         0x08008941   Thumb Code     6  stm32f10x_tim.o(.text)
    TIM_GetFlagStatus                        0x08008947   Thumb Code    18  stm32f10x_tim.o(.text)
    TIM_ClearFlag                            0x08008959   Thumb Code     6  stm32f10x_tim.o(.text)
    TIM_GetITStatus                          0x0800895f   Thumb Code    34  stm32f10x_tim.o(.text)
    TIM_ClearITPendingBit                    0x08008981   Thumb Code     6  stm32f10x_tim.o(.text)
    __use_no_semihosting                     0x08008987   Thumb Code     2  use_no_semi_2.o(.text)
    vsprintf                                 0x08008989   Thumb Code    32  vsprintf.o(.text)
    __2printf                                0x080089ad   Thumb Code    20  __2printf.o(.text)
    __2sprintf                               0x080089c5   Thumb Code    38  __2sprintf.o(.text)
    _printf_str                              0x080089f1   Thumb Code    82  _printf_str.o(.text)
    _printf_int_dec                          0x08008a45   Thumb Code   104  _printf_dec.o(.text)
    __printf                                 0x08008abd   Thumb Code   388  __printf_flags_ss_wp.o(.text)
    strstr                                   0x08008c45   Thumb Code    36  strstr.o(.text)
    strlen                                   0x08008c69   Thumb Code    62  strlen.o(.text)
    __aeabi_memclr                           0x08008ca7   Thumb Code     0  rt_memclr.o(.text)
    __rt_memclr                              0x08008ca7   Thumb Code    68  rt_memclr.o(.text)
    _memset                                  0x08008cab   Thumb Code     0  rt_memclr.o(.text)
    __use_two_region_memory                  0x08008ceb   Thumb Code     2  heapauxi.o(.text)
    __rt_heap_escrow$2region                 0x08008ced   Thumb Code     2  heapauxi.o(.text)
    __rt_heap_expand$2region                 0x08008cef   Thumb Code     2  heapauxi.o(.text)
    __I$use$semihosting                      0x08008cf1   Thumb Code     0  use_no_semi.o(.text)
    __use_no_semihosting_swi                 0x08008cf1   Thumb Code     2  use_no_semi.o(.text)
    _printf_pre_padding                      0x08008cf3   Thumb Code    44  _printf_pad.o(.text)
    _printf_post_padding                     0x08008d1f   Thumb Code    34  _printf_pad.o(.text)
    _printf_truncate_signed                  0x08008d41   Thumb Code    18  _printf_truncate.o(.text)
    _printf_truncate_unsigned                0x08008d53   Thumb Code    18  _printf_truncate.o(.text)
    _printf_int_common                       0x08008d65   Thumb Code   178  _printf_intcommon.o(.text)
    _printf_charcount                        0x08008e17   Thumb Code    40  _printf_charcount.o(.text)
    _printf_char_common                      0x08008e4b   Thumb Code    32  _printf_char_common.o(.text)
    _sputc                                   0x08008e71   Thumb Code    10  _sputc.o(.text)
    _printf_cs_common                        0x08008e7b   Thumb Code    20  _printf_char.o(.text)
    _printf_char                             0x08008e8f   Thumb Code    16  _printf_char.o(.text)
    _printf_string                           0x08008e9f   Thumb Code     8  _printf_char.o(.text)
    _printf_char_file                        0x08008ea9   Thumb Code    32  _printf_char_file.o(.text)
    _printf_wctomb                           0x08008ecd   Thumb Code   182  _printf_wctomb.o(.text)
    _printf_longlong_dec                     0x08008f89   Thumb Code   108  _printf_longlong_dec.o(.text)
    _printf_longlong_oct                     0x08009005   Thumb Code    66  _printf_oct_int_ll.o(.text)
    _printf_int_oct                          0x08009047   Thumb Code    24  _printf_oct_int_ll.o(.text)
    _printf_ll_oct                           0x0800905f   Thumb Code    12  _printf_oct_int_ll.o(.text)
    _printf_longlong_hex                     0x08009075   Thumb Code    86  _printf_hex_int_ll_ptr.o(.text)
    _printf_int_hex                          0x080090cb   Thumb Code    28  _printf_hex_int_ll_ptr.o(.text)
    _printf_ll_hex                           0x080090e7   Thumb Code    12  _printf_hex_int_ll_ptr.o(.text)
    _printf_hex_ptr                          0x080090f3   Thumb Code    18  _printf_hex_int_ll_ptr.o(.text)
    __aeabi_memclr4                          0x08009109   Thumb Code     0  rt_memclr_w.o(.text)
    __aeabi_memclr8                          0x08009109   Thumb Code     0  rt_memclr_w.o(.text)
    __rt_memclr_w                            0x08009109   Thumb Code    78  rt_memclr_w.o(.text)
    _memset_w                                0x0800910d   Thumb Code     0  rt_memclr_w.o(.text)
    _ll_udiv10                               0x08009157   Thumb Code   138  lludiv10.o(.text)
    __lib_sel_fp_printf                      0x080091e1   Thumb Code     2  _printf_fp_dec.o(.text)
    _printf_fp_dec_real                      0x08009393   Thumb Code   620  _printf_fp_dec.o(.text)
    _printf_fp_hex_real                      0x08009601   Thumb Code   756  _printf_fp_hex.o(.text)
    _printf_lcs_common                       0x080098fd   Thumb Code    20  _printf_wchar.o(.text)
    _printf_wchar                            0x08009911   Thumb Code    16  _printf_wchar.o(.text)
    _printf_wstring                          0x08009921   Thumb Code     8  _printf_wchar.o(.text)
    ferror                                   0x08009929   Thumb Code     8  ferror.o(.text)
    _wcrtomb                                 0x08009931   Thumb Code    64  _wcrtomb.o(.text)
    __user_setup_stackheap                   0x08009971   Thumb Code    74  sys_stackheap_outer.o(.text)
    __rt_ctype_table                         0x080099bd   Thumb Code    16  rt_ctype_table.o(.text)
    __rt_locale                              0x080099cd   Thumb Code     8  rt_locale_intlibspace.o(.text)
    _printf_fp_infnan                        0x080099d5   Thumb Code   112  _printf_fp_infnan.o(.text)
    _btod_etento                             0x08009a55   Thumb Code   224  bigflt0.o(.text)
    exit                                     0x08009b39   Thumb Code    18  exit.o(.text)
    __user_libspace                          0x08009b4d   Thumb Code     8  libspace.o(.text)
    __user_perproc_libspace                  0x08009b4d   Thumb Code     0  libspace.o(.text)
    __user_perthread_libspace                0x08009b4d   Thumb Code     0  libspace.o(.text)
    strcmp                                   0x08009b55   Thumb Code   128  strcmpv7m.o(.text)
    _btod_d2e                                0x08009bd5   Thumb Code    62  btod.o(CL$$btod_d2e)
    _d2e_denorm_low                          0x08009c13   Thumb Code    70  btod.o(CL$$btod_d2e_denorm_low)
    _d2e_norm_op1                            0x08009c59   Thumb Code    96  btod.o(CL$$btod_d2e_norm_op1)
    __btod_div_common                        0x08009cb9   Thumb Code   696  btod.o(CL$$btod_div_common)
    _e2e                                     0x08009ff1   Thumb Code   220  btod.o(CL$$btod_e2e)
    _btod_ediv                               0x0800a0cd   Thumb Code    42  btod.o(CL$$btod_ediv)
    _btod_emul                               0x0800a0f7   Thumb Code    42  btod.o(CL$$btod_emul)
    __btod_mult_common                       0x0800a121   Thumb Code   580  btod.o(CL$$btod_mult_common)
    __ARM_fpclassify                         0x0800a365   Thumb Code    40  fpclassify.o(i.__ARM_fpclassify)
    _is_digit                                0x0800a38d   Thumb Code    14  __printf_wp.o(i._is_digit)
    _get_lc_numeric                          0x0800a39d   Thumb Code    44  lc_numeric_c.o(locale$$code)
    _get_lc_ctype                            0x0800a3c9   Thumb Code    44  lc_ctype_c.o(locale$$code)
    __aeabi_d2uiz                            0x0800a3f5   Thumb Code     0  dfixu.o(x$fpl$dfixu)
    _dfixu                                   0x0800a3f5   Thumb Code    90  dfixu.o(x$fpl$dfixu)
    __aeabi_ui2d                             0x0800a44f   Thumb Code     0  dflt_clz.o(x$fpl$dfltu)
    _dfltu                                   0x0800a44f   Thumb Code    38  dflt_clz.o(x$fpl$dfltu)
    __aeabi_dmul                             0x0800a475   Thumb Code     0  dmul.o(x$fpl$dmul)
    _dmul                                    0x0800a475   Thumb Code   332  dmul.o(x$fpl$dmul)
    __fpl_dnaninf                            0x0800a5c9   Thumb Code   156  dnaninf.o(x$fpl$dnaninf)
    __fpl_dretinf                            0x0800a665   Thumb Code    12  dretinf.o(x$fpl$dretinf)
    __aeabi_fadd                             0x0800a671   Thumb Code     0  faddsub_clz.o(x$fpl$fadd)
    _fadd                                    0x0800a671   Thumb Code   196  faddsub_clz.o(x$fpl$fadd)
    __aeabi_fdiv                             0x0800a735   Thumb Code     0  fdiv.o(x$fpl$fdiv)
    _fdiv                                    0x0800a735   Thumb Code   384  fdiv.o(x$fpl$fdiv)
    __aeabi_f2uiz                            0x0800a8b9   Thumb Code     0  ffixu.o(x$fpl$ffixu)
    _ffixu                                   0x0800a8b9   Thumb Code    62  ffixu.o(x$fpl$ffixu)
    __aeabi_ui2f                             0x0800a8f9   Thumb Code     0  fflt_clz.o(x$fpl$ffltu)
    _ffltu                                   0x0800a8f9   Thumb Code    38  fflt_clz.o(x$fpl$ffltu)
    __aeabi_fmul                             0x0800a921   Thumb Code     0  fmul.o(x$fpl$fmul)
    _fmul                                    0x0800a921   Thumb Code   258  fmul.o(x$fpl$fmul)
    __fpl_fnaninf                            0x0800aa23   Thumb Code   140  fnaninf.o(x$fpl$fnaninf)
    __fpl_fretinf                            0x0800aaaf   Thumb Code    10  fretinf.o(x$fpl$fretinf)
    __aeabi_fsub                             0x0800aab9   Thumb Code     0  faddsub_clz.o(x$fpl$fsub)
    _fsub                                    0x0800aab9   Thumb Code   234  faddsub_clz.o(x$fpl$fsub)
    _printf_fp_dec                           0x0800aba3   Thumb Code     4  printf1.o(x$fpl$printf1)
    _printf_fp_hex                           0x0800aba7   Thumb Code     4  printf2.o(x$fpl$printf2)
    __I$use$fp                               0x0800abaa   Number         0  usenofp.o(x$fpl$usenofp)
    asc2_1206                                0x0800abaa   Data        1140  lcd.o(.constdata)
    asc2_1608                                0x0800b01e   Data        1520  lcd.o(.constdata)
    asc2_2412                                0x0800b60e   Data        3420  lcd.o(.constdata)
    Region$$Table$$Base                      0x0800c468   Number         0  anon$$obj.o(Region$$Table)
    Region$$Table$$Limit                     0x0800c488   Number         0  anon$$obj.o(Region$$Table)
    __ctype                                  0x0800c4b1   Data           0  lc_ctype_c.o(locale$$data)
    key_num                                  0x20000000   Data           4  main.o(.data)
    flag_num                                 0x20000004   Data           4  main.o(.data)
    advalue                                  0x20000008   Data           2  main.o(.data)
    pwm_value                                0x2000000c   Data           4  main.o(.data)
    CounterSensorNum                         0x20000010   Data           4  main.o(.data)
    tempurature                              0x20000014   Data           2  main.o(.data)
    n                                        0x20000018   Data           4  main.o(.data)
    cm                                       0x2000001c   Data           4  main.o(.data)
    Danger_Val                               0x20000020   Data           4  main.o(.data)
    Set_Mode                                 0x20000024   Data           4  main.o(.data)
    Set_Mode2                                0x20000028   Data           4  main.o(.data)
    Set_Val_Num                              0x2000002c   Data           4  main.o(.data)
    Set_Val                                  0x20000030   Data           4  main.o(.data)
    Set_Arr                                  0x20000034   Data           8  main.o(.data)
    esp_flag                                 0x2000003c   Data           4  main.o(.data)
    SystemCoreClock                          0x20000040   Data           4  system_stm32f10x.o(.data)
    AHBPrescTable                            0x20000044   Data          16  system_stm32f10x.o(.data)
    POINT_COLOR                              0x20000054   Data           2  lcd.o(.data)
    BACK_COLOR                               0x20000056   Data           2  lcd.o(.data)
    msHcCount                                0x20000058   Data           1  ultrasonsic.o(.data)
    esp8266_cnt                              0x2000005a   Data           2  esp8266.o(.data)
    esp8266_cntPre                           0x2000005c   Data           2  esp8266.o(.data)
    __stdout                                 0x20000064   Data           4  usart.o(.data)
    USART_RX_STA                             0x20000068   Data           2  usart.o(.data)
    lcddev                                   0x20000080   Data          14  lcd.o(.bss)
    g_uart_rx_buf                            0x2000008e   Data         128  esp8266.o(.bss)
    g_uart_tx_buf                            0x2000010e   Data          64  esp8266.o(.bss)
    USART_RX_BUF                             0x2000014e   Data         200  usart.o(.bss)
    __libspace_start                         0x20000218   Data          96  libspace.o(.bss)
    __temporary_stack_top$libspace           0x20000278   Data           0  libspace.o(.bss)



==============================================================================

Memory Map of the image

  Image Entry point : 0x08000131

  Load Region LR_IROM1 (Base: 0x08000000, Size: 0x0000c634, Max: 0x00080000, ABSOLUTE)

    Execution Region ER_IROM1 (Exec base: 0x08000000, Load base: 0x08000000, Size: 0x0000c5b4, Max: 0x00080000, ABSOLUTE)

    Exec Addr    Load Addr    Size         Type   Attr      Idx    E Section Name        Object

    0x08000000   0x08000000   0x00000130   Data   RO          559    RESET               startup_stm32f10x_hd.o
    0x08000130   0x08000130   0x00000008   Code   RO          893  * !!!main             c_w.l(__main.o)
    0x08000138   0x08000138   0x00000034   Code   RO         1233    !!!scatter          c_w.l(__scatter.o)
    0x0800016c   0x0800016c   0x0000001a   Code   RO         1235    !!handler_copy      c_w.l(__scatter_copy.o)
    0x08000186   0x08000186   0x00000002   PAD
    0x08000188   0x08000188   0x0000001c   Code   RO         1237    !!handler_zi        c_w.l(__scatter_zi.o)
    0x080001a4   0x080001a4   0x00000000   Code   RO          884    .ARM.Collect$$_printf_percent$$00000000  c_w.l(_printf_percent.o)
    0x080001a4   0x080001a4   0x00000006   Code   RO          981    .ARM.Collect$$_printf_percent$$00000001  c_w.l(_printf_n.o)
    0x080001aa   0x080001aa   0x00000006   Code   RO          983    .ARM.Collect$$_printf_percent$$00000002  c_w.l(_printf_p.o)
    0x080001b0   0x080001b0   0x00000006   Code   RO          987    .ARM.Collect$$_printf_percent$$00000003  c_w.l(_printf_f.o)
    0x080001b6   0x080001b6   0x00000006   Code   RO          988    .ARM.Collect$$_printf_percent$$00000004  c_w.l(_printf_e.o)
    0x080001bc   0x080001bc   0x00000006   Code   RO          989    .ARM.Collect$$_printf_percent$$00000005  c_w.l(_printf_g.o)
    0x080001c2   0x080001c2   0x00000006   Code   RO          990    .ARM.Collect$$_printf_percent$$00000006  c_w.l(_printf_a.o)
    0x080001c8   0x080001c8   0x0000000a   Code   RO          995    .ARM.Collect$$_printf_percent$$00000007  c_w.l(_printf_ll.o)
    0x080001d2   0x080001d2   0x00000006   Code   RO          985    .ARM.Collect$$_printf_percent$$00000008  c_w.l(_printf_i.o)
    0x080001d8   0x080001d8   0x00000006   Code   RO          883    .ARM.Collect$$_printf_percent$$00000009  c_w.l(_printf_d.o)
    0x080001de   0x080001de   0x00000006   Code   RO          986    .ARM.Collect$$_printf_percent$$0000000A  c_w.l(_printf_u.o)
    0x080001e4   0x080001e4   0x00000006   Code   RO          984    .ARM.Collect$$_printf_percent$$0000000B  c_w.l(_printf_o.o)
    0x080001ea   0x080001ea   0x00000006   Code   RO          982    .ARM.Collect$$_printf_percent$$0000000C  c_w.l(_printf_x.o)
    0x080001f0   0x080001f0   0x00000006   Code   RO          992    .ARM.Collect$$_printf_percent$$0000000D  c_w.l(_printf_lli.o)
    0x080001f6   0x080001f6   0x00000006   Code   RO          993    .ARM.Collect$$_printf_percent$$0000000E  c_w.l(_printf_lld.o)
    0x080001fc   0x080001fc   0x00000006   Code   RO          994    .ARM.Collect$$_printf_percent$$0000000F  c_w.l(_printf_llu.o)
    0x08000202   0x08000202   0x00000006   Code   RO          999    .ARM.Collect$$_printf_percent$$00000010  c_w.l(_printf_llo.o)
    0x08000208   0x08000208   0x00000006   Code   RO         1000    .ARM.Collect$$_printf_percent$$00000011  c_w.l(_printf_llx.o)
    0x0800020e   0x0800020e   0x0000000a   Code   RO          996    .ARM.Collect$$_printf_percent$$00000012  c_w.l(_printf_l.o)
    0x08000218   0x08000218   0x00000006   Code   RO          980    .ARM.Collect$$_printf_percent$$00000013  c_w.l(_printf_c.o)
    0x0800021e   0x0800021e   0x00000006   Code   RO          882    .ARM.Collect$$_printf_percent$$00000014  c_w.l(_printf_s.o)
    0x08000224   0x08000224   0x00000006   Code   RO          997    .ARM.Collect$$_printf_percent$$00000015  c_w.l(_printf_lc.o)
    0x0800022a   0x0800022a   0x00000006   Code   RO          998    .ARM.Collect$$_printf_percent$$00000016  c_w.l(_printf_ls.o)
    0x08000230   0x08000230   0x00000004   Code   RO          991    .ARM.Collect$$_printf_percent$$00000017  c_w.l(_printf_percent_end.o)
    0x08000234   0x08000234   0x00000002   Code   RO         1098    .ARM.Collect$$libinit$$00000000  c_w.l(libinit.o)
    0x08000236   0x08000236   0x00000000   Code   RO         1114    .ARM.Collect$$libinit$$00000002  c_w.l(libinit2.o)
    0x08000236   0x08000236   0x00000000   Code   RO         1116    .ARM.Collect$$libinit$$00000004  c_w.l(libinit2.o)
    0x08000236   0x08000236   0x00000000   Code   RO         1119    .ARM.Collect$$libinit$$0000000A  c_w.l(libinit2.o)
    0x08000236   0x08000236   0x00000000   Code   RO         1121    .ARM.Collect$$libinit$$0000000C  c_w.l(libinit2.o)
    0x08000236   0x08000236   0x00000000   Code   RO         1123    .ARM.Collect$$libinit$$0000000E  c_w.l(libinit2.o)
    0x08000236   0x08000236   0x00000006   Code   RO         1124    .ARM.Collect$$libinit$$0000000F  c_w.l(libinit2.o)
    0x0800023c   0x0800023c   0x00000000   Code   RO         1126    .ARM.Collect$$libinit$$00000011  c_w.l(libinit2.o)
    0x0800023c   0x0800023c   0x0000000c   Code   RO         1127    .ARM.Collect$$libinit$$00000012  c_w.l(libinit2.o)
    0x08000248   0x08000248   0x00000000   Code   RO         1128    .ARM.Collect$$libinit$$00000013  c_w.l(libinit2.o)
    0x08000248   0x08000248   0x00000000   Code   RO         1130    .ARM.Collect$$libinit$$00000015  c_w.l(libinit2.o)
    0x08000248   0x08000248   0x0000000a   Code   RO         1131    .ARM.Collect$$libinit$$00000016  c_w.l(libinit2.o)
    0x08000252   0x08000252   0x00000000   Code   RO         1132    .ARM.Collect$$libinit$$00000017  c_w.l(libinit2.o)
    0x08000252   0x08000252   0x00000000   Code   RO         1134    .ARM.Collect$$libinit$$00000019  c_w.l(libinit2.o)
    0x08000252   0x08000252   0x00000000   Code   RO         1136    .ARM.Collect$$libinit$$0000001B  c_w.l(libinit2.o)
    0x08000252   0x08000252   0x00000000   Code   RO         1138    .ARM.Collect$$libinit$$0000001D  c_w.l(libinit2.o)
    0x08000252   0x08000252   0x00000000   Code   RO         1140    .ARM.Collect$$libinit$$0000001F  c_w.l(libinit2.o)
    0x08000252   0x08000252   0x00000000   Code   RO         1142    .ARM.Collect$$libinit$$00000021  c_w.l(libinit2.o)
    0x08000252   0x08000252   0x00000000   Code   RO         1144    .ARM.Collect$$libinit$$00000023  c_w.l(libinit2.o)
    0x08000252   0x08000252   0x00000000   Code   RO         1146    .ARM.Collect$$libinit$$00000025  c_w.l(libinit2.o)
    0x08000252   0x08000252   0x00000000   Code   RO         1150    .ARM.Collect$$libinit$$0000002C  c_w.l(libinit2.o)
    0x08000252   0x08000252   0x00000000   Code   RO         1152    .ARM.Collect$$libinit$$0000002E  c_w.l(libinit2.o)
    0x08000252   0x08000252   0x00000000   Code   RO         1154    .ARM.Collect$$libinit$$00000030  c_w.l(libinit2.o)
    0x08000252   0x08000252   0x00000000   Code   RO         1156    .ARM.Collect$$libinit$$00000032  c_w.l(libinit2.o)
    0x08000252   0x08000252   0x00000002   Code   RO         1157    .ARM.Collect$$libinit$$00000033  c_w.l(libinit2.o)
    0x08000254   0x08000254   0x00000002   Code   RO         1175    .ARM.Collect$$libshutdown$$00000000  c_w.l(libshutdown.o)
    0x08000256   0x08000256   0x00000000   Code   RO         1185    .ARM.Collect$$libshutdown$$00000002  c_w.l(libshutdown2.o)
    0x08000256   0x08000256   0x00000000   Code   RO         1187    .ARM.Collect$$libshutdown$$00000004  c_w.l(libshutdown2.o)
    0x08000256   0x08000256   0x00000000   Code   RO         1190    .ARM.Collect$$libshutdown$$00000007  c_w.l(libshutdown2.o)
    0x08000256   0x08000256   0x00000000   Code   RO         1193    .ARM.Collect$$libshutdown$$0000000A  c_w.l(libshutdown2.o)
    0x08000256   0x08000256   0x00000000   Code   RO         1195    .ARM.Collect$$libshutdown$$0000000C  c_w.l(libshutdown2.o)
    0x08000256   0x08000256   0x00000000   Code   RO         1198    .ARM.Collect$$libshutdown$$0000000F  c_w.l(libshutdown2.o)
    0x08000256   0x08000256   0x00000002   Code   RO         1199    .ARM.Collect$$libshutdown$$00000010  c_w.l(libshutdown2.o)
    0x08000258   0x08000258   0x00000000   Code   RO          931    .ARM.Collect$$rtentry$$00000000  c_w.l(__rtentry.o)
    0x08000258   0x08000258   0x00000000   Code   RO         1021    .ARM.Collect$$rtentry$$00000002  c_w.l(__rtentry2.o)
    0x08000258   0x08000258   0x00000006   Code   RO         1033    .ARM.Collect$$rtentry$$00000004  c_w.l(__rtentry4.o)
    0x0800025e   0x0800025e   0x00000000   Code   RO         1023    .ARM.Collect$$rtentry$$00000009  c_w.l(__rtentry2.o)
    0x0800025e   0x0800025e   0x00000004   Code   RO         1024    .ARM.Collect$$rtentry$$0000000A  c_w.l(__rtentry2.o)
    0x08000262   0x08000262   0x00000000   Code   RO         1026    .ARM.Collect$$rtentry$$0000000C  c_w.l(__rtentry2.o)
    0x08000262   0x08000262   0x00000008   Code   RO         1027    .ARM.Collect$$rtentry$$0000000D  c_w.l(__rtentry2.o)
    0x0800026a   0x0800026a   0x00000002   Code   RO         1106    .ARM.Collect$$rtexit$$00000000  c_w.l(rtexit.o)
    0x0800026c   0x0800026c   0x00000000   Code   RO         1159    .ARM.Collect$$rtexit$$00000002  c_w.l(rtexit2.o)
    0x0800026c   0x0800026c   0x00000004   Code   RO         1160    .ARM.Collect$$rtexit$$00000003  c_w.l(rtexit2.o)
    0x08000270   0x08000270   0x00000006   Code   RO         1161    .ARM.Collect$$rtexit$$00000004  c_w.l(rtexit2.o)
    0x08000276   0x08000276   0x00000002   PAD
    0x08000278   0x08000278   0x000003bc   Code   RO            1    .text               main.o
    0x08000634   0x08000634   0x0000001a   Code   RO          147    .text               stm32f10x_it.o
    0x0800064e   0x0800064e   0x00000002   PAD
    0x08000650   0x08000650   0x000001e0   Code   RO          188    .text               system_stm32f10x.o
    0x08000830   0x08000830   0x0000005c   Code   RO          206    .text               led.o
    0x0800088c   0x0800088c   0x00004d7e   Code   RO          218    .text               lcd.o
    0x0800560a   0x0800560a   0x00000002   PAD
    0x0800560c   0x0800560c   0x000002b8   Code   RO          241    .text               matrixkey.o
    0x080058c4   0x080058c4   0x000000c0   Code   RO          253    .text               ad.o
    0x08005984   0x08005984   0x000000b0   Code   RO          265    .text               countersensor.o
    0x08005a34   0x08005a34   0x000000b0   Code   RO          296    .text               timer.o
    0x08005ae4   0x08005ae4   0x000001c8   Code   RO          339    .text               ultrasonsic.o
    0x08005cac   0x08005cac   0x00000510   Code   RO          378    .text               esp8266.o
    0x080061bc   0x080061bc   0x000000d4   Code   RO          404    .text               delay.o
    0x08006290   0x08006290   0x00000140   Code   RO          435    .text               usart.o
    0x080063d0   0x080063d0   0x00000040   Code   RO          560    .text               startup_stm32f10x_hd.o
    0x08006410   0x08006410   0x000000dc   Code   RO          564    .text               misc.o
    0x080064ec   0x080064ec   0x0000060c   Code   RO          576    .text               stm32f10x_fsmc.o
    0x08006af8   0x08006af8   0x0000035c   Code   RO          588    .text               stm32f10x_gpio.o
    0x08006e54   0x08006e54   0x000003a4   Code   RO          600    .text               stm32f10x_rcc.o
    0x080071f8   0x080071f8   0x00000408   Code   RO          614    .text               stm32f10x_usart.o
    0x08007600   0x08007600   0x0000044e   Code   RO          626    .text               stm32f10x_adc.o
    0x08007a4e   0x08007a4e   0x00000002   PAD
    0x08007a50   0x08007a50   0x0000011c   Code   RO          710    .text               stm32f10x_exti.o
    0x08007b6c   0x08007b6c   0x00000e1a   Code   RO          818    .text               stm32f10x_tim.o
    0x08008986   0x08008986   0x00000002   Code   RO          844    .text               c_w.l(use_no_semi_2.o)
    0x08008988   0x08008988   0x00000024   Code   RO          846    .text               c_w.l(vsprintf.o)
    0x080089ac   0x080089ac   0x00000018   Code   RO          848    .text               c_w.l(__2printf.o)
    0x080089c4   0x080089c4   0x0000002c   Code   RO          850    .text               c_w.l(__2sprintf.o)
    0x080089f0   0x080089f0   0x00000052   Code   RO          858    .text               c_w.l(_printf_str.o)
    0x08008a42   0x08008a42   0x00000002   PAD
    0x08008a44   0x08008a44   0x00000078   Code   RO          860    .text               c_w.l(_printf_dec.o)
    0x08008abc   0x08008abc   0x00000188   Code   RO          879    .text               c_w.l(__printf_flags_ss_wp.o)
    0x08008c44   0x08008c44   0x00000024   Code   RO          885    .text               c_w.l(strstr.o)
    0x08008c68   0x08008c68   0x0000003e   Code   RO          887    .text               c_w.l(strlen.o)
    0x08008ca6   0x08008ca6   0x00000044   Code   RO          889    .text               c_w.l(rt_memclr.o)
    0x08008cea   0x08008cea   0x00000006   Code   RO          891    .text               c_w.l(heapauxi.o)
    0x08008cf0   0x08008cf0   0x00000002   Code   RO          929    .text               c_w.l(use_no_semi.o)
    0x08008cf2   0x08008cf2   0x0000004e   Code   RO          932    .text               c_w.l(_printf_pad.o)
    0x08008d40   0x08008d40   0x00000024   Code   RO          934    .text               c_w.l(_printf_truncate.o)
    0x08008d64   0x08008d64   0x000000b2   Code   RO          936    .text               c_w.l(_printf_intcommon.o)
    0x08008e16   0x08008e16   0x00000028   Code   RO          938    .text               c_w.l(_printf_charcount.o)
    0x08008e3e   0x08008e3e   0x00000002   PAD
    0x08008e40   0x08008e40   0x00000030   Code   RO          940    .text               c_w.l(_printf_char_common.o)
    0x08008e70   0x08008e70   0x0000000a   Code   RO          942    .text               c_w.l(_sputc.o)
    0x08008e7a   0x08008e7a   0x0000002c   Code   RO          944    .text               c_w.l(_printf_char.o)
    0x08008ea6   0x08008ea6   0x00000002   PAD
    0x08008ea8   0x08008ea8   0x00000024   Code   RO          946    .text               c_w.l(_printf_char_file.o)
    0x08008ecc   0x08008ecc   0x000000bc   Code   RO          948    .text               c_w.l(_printf_wctomb.o)
    0x08008f88   0x08008f88   0x0000007c   Code   RO          951    .text               c_w.l(_printf_longlong_dec.o)
    0x08009004   0x08009004   0x00000070   Code   RO          957    .text               c_w.l(_printf_oct_int_ll.o)
    0x08009074   0x08009074   0x00000094   Code   RO          977    .text               c_w.l(_printf_hex_int_ll_ptr.o)
    0x08009108   0x08009108   0x0000004e   Code   RO         1001    .text               c_w.l(rt_memclr_w.o)
    0x08009156   0x08009156   0x0000008a   Code   RO         1035    .text               c_w.l(lludiv10.o)
    0x080091e0   0x080091e0   0x0000041e   Code   RO         1037    .text               c_w.l(_printf_fp_dec.o)
    0x080095fe   0x080095fe   0x00000002   PAD
    0x08009600   0x08009600   0x000002fc   Code   RO         1039    .text               c_w.l(_printf_fp_hex.o)
    0x080098fc   0x080098fc   0x0000002c   Code   RO         1044    .text               c_w.l(_printf_wchar.o)
    0x08009928   0x08009928   0x00000008   Code   RO         1046    .text               c_w.l(ferror.o)
    0x08009930   0x08009930   0x00000040   Code   RO         1050    .text               c_w.l(_wcrtomb.o)
    0x08009970   0x08009970   0x0000004a   Code   RO         1052    .text               c_w.l(sys_stackheap_outer.o)
    0x080099ba   0x080099ba   0x00000002   PAD
    0x080099bc   0x080099bc   0x00000010   Code   RO         1054    .text               c_w.l(rt_ctype_table.o)
    0x080099cc   0x080099cc   0x00000008   Code   RO         1059    .text               c_w.l(rt_locale_intlibspace.o)
    0x080099d4   0x080099d4   0x00000080   Code   RO         1061    .text               c_w.l(_printf_fp_infnan.o)
    0x08009a54   0x08009a54   0x000000e4   Code   RO         1063    .text               c_w.l(bigflt0.o)
    0x08009b38   0x08009b38   0x00000012   Code   RO         1091    .text               c_w.l(exit.o)
    0x08009b4a   0x08009b4a   0x00000002   PAD
    0x08009b4c   0x08009b4c   0x00000008   Code   RO         1103    .text               c_w.l(libspace.o)
    0x08009b54   0x08009b54   0x00000080   Code   RO         1111    .text               c_w.l(strcmpv7m.o)
    0x08009bd4   0x08009bd4   0x0000003e   Code   RO         1066    CL$$btod_d2e        c_w.l(btod.o)
    0x08009c12   0x08009c12   0x00000046   Code   RO         1068    CL$$btod_d2e_denorm_low  c_w.l(btod.o)
    0x08009c58   0x08009c58   0x00000060   Code   RO         1067    CL$$btod_d2e_norm_op1  c_w.l(btod.o)
    0x08009cb8   0x08009cb8   0x00000338   Code   RO         1076    CL$$btod_div_common  c_w.l(btod.o)
    0x08009ff0   0x08009ff0   0x000000dc   Code   RO         1073    CL$$btod_e2e        c_w.l(btod.o)
    0x0800a0cc   0x0800a0cc   0x0000002a   Code   RO         1070    CL$$btod_ediv       c_w.l(btod.o)
    0x0800a0f6   0x0800a0f6   0x0000002a   Code   RO         1069    CL$$btod_emul       c_w.l(btod.o)
    0x0800a120   0x0800a120   0x00000244   Code   RO         1075    CL$$btod_mult_common  c_w.l(btod.o)
    0x0800a364   0x0800a364   0x00000028   Code   RO         1101    i.__ARM_fpclassify  m_ws.l(fpclassify.o)
    0x0800a38c   0x0800a38c   0x0000000e   Code   RO          872    i._is_digit         c_w.l(__printf_wp.o)
    0x0800a39a   0x0800a39a   0x00000002   PAD
    0x0800a39c   0x0800a39c   0x0000002c   Code   RO         1089    locale$$code        c_w.l(lc_numeric_c.o)
    0x0800a3c8   0x0800a3c8   0x0000002c   Code   RO         1109    locale$$code        c_w.l(lc_ctype_c.o)
    0x0800a3f4   0x0800a3f4   0x0000005a   Code   RO          895    x$fpl$dfixu         fz_ws.l(dfixu.o)
    0x0800a44e   0x0800a44e   0x00000026   Code   RO          899    x$fpl$dfltu         fz_ws.l(dflt_clz.o)
    0x0800a474   0x0800a474   0x00000154   Code   RO          905    x$fpl$dmul          fz_ws.l(dmul.o)
    0x0800a5c8   0x0800a5c8   0x0000009c   Code   RO         1003    x$fpl$dnaninf       fz_ws.l(dnaninf.o)
    0x0800a664   0x0800a664   0x0000000c   Code   RO         1005    x$fpl$dretinf       fz_ws.l(dretinf.o)
    0x0800a670   0x0800a670   0x000000c4   Code   RO          907    x$fpl$fadd          fz_ws.l(faddsub_clz.o)
    0x0800a734   0x0800a734   0x00000184   Code   RO          914    x$fpl$fdiv          fz_ws.l(fdiv.o)
    0x0800a8b8   0x0800a8b8   0x0000003e   Code   RO          917    x$fpl$ffixu         fz_ws.l(ffixu.o)
    0x0800a8f6   0x0800a8f6   0x00000002   PAD
    0x0800a8f8   0x0800a8f8   0x00000026   Code   RO          921    x$fpl$ffltu         fz_ws.l(fflt_clz.o)
    0x0800a91e   0x0800a91e   0x00000002   PAD
    0x0800a920   0x0800a920   0x00000102   Code   RO          927    x$fpl$fmul          fz_ws.l(fmul.o)
    0x0800aa22   0x0800aa22   0x0000008c   Code   RO         1007    x$fpl$fnaninf       fz_ws.l(fnaninf.o)
    0x0800aaae   0x0800aaae   0x0000000a   Code   RO         1009    x$fpl$fretinf       fz_ws.l(fretinf.o)
    0x0800aab8   0x0800aab8   0x000000ea   Code   RO          909    x$fpl$fsub          fz_ws.l(faddsub_clz.o)
    0x0800aba2   0x0800aba2   0x00000004   Code   RO         1011    x$fpl$printf1       fz_ws.l(printf1.o)
    0x0800aba6   0x0800aba6   0x00000004   Code   RO         1013    x$fpl$printf2       fz_ws.l(printf2.o)
    0x0800abaa   0x0800abaa   0x00000000   Code   RO         1019    x$fpl$usenofp       fz_ws.l(usenofp.o)
    0x0800abaa   0x0800abaa   0x000017c0   Data   RO          220    .constdata          lcd.o
    0x0800c36a   0x0800c36a   0x00000011   Data   RO          880    .constdata          c_w.l(__printf_flags_ss_wp.o)
    0x0800c37b   0x0800c37b   0x00000001   PAD
    0x0800c37c   0x0800c37c   0x00000008   Data   RO          949    .constdata          c_w.l(_printf_wctomb.o)
    0x0800c384   0x0800c384   0x00000028   Data   RO          978    .constdata          c_w.l(_printf_hex_int_ll_ptr.o)
    0x0800c3ac   0x0800c3ac   0x00000026   Data   RO         1040    .constdata          c_w.l(_printf_fp_hex.o)
    0x0800c3d2   0x0800c3d2   0x00000002   PAD
    0x0800c3d4   0x0800c3d4   0x00000094   Data   RO         1064    .constdata          c_w.l(bigflt0.o)
    0x0800c468   0x0800c468   0x00000020   Data   RO         1231    Region$$Table       anon$$obj.o
    0x0800c488   0x0800c488   0x0000001c   Data   RO         1088    locale$$data        c_w.l(lc_numeric_c.o)
    0x0800c4a4   0x0800c4a4   0x00000110   Data   RO         1108    locale$$data        c_w.l(lc_ctype_c.o)


    Execution Region RW_IRAM1 (Exec base: 0x20000000, Load base: 0x0800c5b4, Size: 0x00000878, Max: 0x00010000, ABSOLUTE)

    Exec Addr    Load Addr    Size         Type   Attr      Idx    E Section Name        Object

    0x20000000   0x0800c5b4   0x00000040   Data   RW            2    .data               main.o
    0x20000040   0x0800c5f4   0x00000014   Data   RW          189    .data               system_stm32f10x.o
    0x20000054   0x0800c608   0x00000004   Data   RW          221    .data               lcd.o
    0x20000058   0x0800c60c   0x00000001   Data   RW          340    .data               ultrasonsic.o
    0x20000059   0x0800c60d   0x00000001   PAD
    0x2000005a   0x0800c60e   0x00000004   Data   RW          380    .data               esp8266.o
    0x2000005e   0x0800c612   0x00000004   Data   RW          405    .data               delay.o
    0x20000062   0x0800c616   0x00000002   PAD
    0x20000064   0x0800c618   0x00000006   Data   RW          437    .data               usart.o
    0x2000006a   0x0800c61e   0x00000014   Data   RW          601    .data               stm32f10x_rcc.o
    0x2000007e   0x0800c632   0x00000002   PAD
    0x20000080        -       0x0000000e   Zero   RW          219    .bss                lcd.o
    0x2000008e        -       0x000000c0   Zero   RW          379    .bss                esp8266.o
    0x2000014e        -       0x000000c8   Zero   RW          436    .bss                usart.o
    0x20000216   0x0800c632   0x00000002   PAD
    0x20000218        -       0x00000060   Zero   RW         1104    .bss                c_w.l(libspace.o)
    0x20000278        -       0x00000200   Zero   RW          558    HEAP                startup_stm32f10x_hd.o
    0x20000478        -       0x00000400   Zero   RW          557    STACK               startup_stm32f10x_hd.o


==============================================================================

Image component sizes


      Code (inc. data)   RO Data    RW Data    ZI Data      Debug   Object Name

       192         10          0          0          0        706   ad.o
       176         10          0          0          0        866   countersensor.o
       212         18          0          4          0        979   delay.o
      1296        514          0          4        192       5814   esp8266.o
     19838        140       6080          4         14      22614   lcd.o
        92          8          0          0          0        483   led.o
       956        200          0         64          0     273823   main.o
       696          6          0          0          0       1108   matrixkey.o
       220         22          0          0          0       1737   misc.o
        64         26        304          0       1536        788   startup_stm32f10x_hd.o
      1102         26          0          0          0      10977   stm32f10x_adc.o
       284         10          0          0          0       2191   stm32f10x_exti.o
      1548         18          0          0          0       5315   stm32f10x_fsmc.o
       860         38          0          0          0       5669   stm32f10x_gpio.o
        26          0          0          0          0       1150   stm32f10x_it.o
       932         36          0         20          0       8816   stm32f10x_rcc.o
      3610         88          0          0          0      22776   stm32f10x_tim.o
      1032         22          0          0          0       8396   stm32f10x_usart.o
         0          0          0          0          0         32   sys.o
       480         38          0         20          0       1647   system_stm32f10x.o
       176          8          0          0          0        669   timer.o
       456         22          0          1          0       1761   ultrasonsic.o
       320         18          0          6        200     225162   usart.o

    ----------------------------------------------------------------------
     34574       1278       6416        128       1944     603479   Object Totals
         0          0         32          0          0          0   (incl. Generated)
         6          0          0          5          2          0   (incl. Padding)

    ----------------------------------------------------------------------

      Code (inc. data)   RO Data    RW Data    ZI Data      Debug   Library Member Name

        24          4          0          0          0         84   __2printf.o
        44          6          0          0          0         84   __2sprintf.o
         8          0          0          0          0         68   __main.o
       392          4         17          0          0         92   __printf_flags_ss_wp.o
        14          0          0          0          0         68   __printf_wp.o
         0          0          0          0          0          0   __rtentry.o
        12          0          0          0          0          0   __rtentry2.o
         6          0          0          0          0          0   __rtentry4.o
        52          8          0          0          0          0   __scatter.o
        26          0          0          0          0          0   __scatter_copy.o
        28          0          0          0          0          0   __scatter_zi.o
         6          0          0          0          0          0   _printf_a.o
         6          0          0          0          0          0   _printf_c.o
        44          0          0          0          0        108   _printf_char.o
        48          6          0          0          0         96   _printf_char_common.o
        36          4          0          0          0         80   _printf_char_file.o
        40          0          0          0          0         68   _printf_charcount.o
         6          0          0          0          0          0   _printf_d.o
       120         16          0          0          0         92   _printf_dec.o
         6          0          0          0          0          0   _printf_e.o
         6          0          0          0          0          0   _printf_f.o
      1054          0          0          0          0        216   _printf_fp_dec.o
       764          8         38          0          0        100   _printf_fp_hex.o
       128         16          0          0          0         84   _printf_fp_infnan.o
         6          0          0          0          0          0   _printf_g.o
       148          4         40          0          0        160   _printf_hex_int_ll_ptr.o
         6          0          0          0          0          0   _printf_i.o
       178          0          0          0          0         88   _printf_intcommon.o
        10          0          0          0          0          0   _printf_l.o
         6          0          0          0          0          0   _printf_lc.o
        10          0          0          0          0          0   _printf_ll.o
         6          0          0          0          0          0   _printf_lld.o
         6          0          0          0          0          0   _printf_lli.o
         6          0          0          0          0          0   _printf_llo.o
         6          0          0          0          0          0   _printf_llu.o
         6          0          0          0          0          0   _printf_llx.o
       124         16          0          0          0         92   _printf_longlong_dec.o
         6          0          0          0          0          0   _printf_ls.o
         6          0          0          0          0          0   _printf_n.o
         6          0          0          0          0          0   _printf_o.o
       112         10          0          0          0        124   _printf_oct_int_ll.o
         6          0          0          0          0          0   _printf_p.o
        78          0          0          0          0        108   _printf_pad.o
         0          0          0          0          0          0   _printf_percent.o
         4          0          0          0          0          0   _printf_percent_end.o
         6          0          0          0          0          0   _printf_s.o
        82          0          0          0          0         80   _printf_str.o
        36          0          0          0          0         84   _printf_truncate.o
         6          0          0          0          0          0   _printf_u.o
        44          0          0          0          0        108   _printf_wchar.o
       188          6          8          0          0         92   _printf_wctomb.o
         6          0          0          0          0          0   _printf_x.o
        10          0          0          0          0         68   _sputc.o
        64          0          0          0          0         92   _wcrtomb.o
       228          4        148          0          0         96   bigflt0.o
      1936        128          0          0          0        672   btod.o
        18          0          0          0          0         80   exit.o
         8          0          0          0          0         68   ferror.o
         6          0          0          0          0        152   heapauxi.o
        44         10        272          0          0         76   lc_ctype_c.o
        44         10         28          0          0         76   lc_numeric_c.o
         2          0          0          0          0          0   libinit.o
        30          0          0          0          0          0   libinit2.o
         2          0          0          0          0          0   libshutdown.o
         2          0          0          0          0          0   libshutdown2.o
         8          4          0          0         96         68   libspace.o
       138          0          0          0          0         80   lludiv10.o
        16          4          0          0          0         76   rt_ctype_table.o
         8          4          0          0          0         68   rt_locale_intlibspace.o
        68          0          0          0          0         68   rt_memclr.o
        78          0          0          0          0         80   rt_memclr_w.o
         2          0          0          0          0          0   rtexit.o
        10          0          0          0          0          0   rtexit2.o
       128          0          0          0          0         68   strcmpv7m.o
        62          0          0          0          0         76   strlen.o
        36          0          0          0          0         80   strstr.o
        74          0          0          0          0         80   sys_stackheap_outer.o
         2          0          0          0          0         68   use_no_semi.o
         2          0          0          0          0         68   use_no_semi_2.o
        36          4          0          0          0         76   vsprintf.o
        90          4          0          0          0         92   dfixu.o
        38          0          0          0          0         68   dflt_clz.o
       340         12          0          0          0        104   dmul.o
       156          4          0          0          0         92   dnaninf.o
        12          0          0          0          0         68   dretinf.o
       430          8          0          0          0        168   faddsub_clz.o
       388         76          0          0          0         96   fdiv.o
        62          4          0          0          0         84   ffixu.o
        38          0          0          0          0         68   fflt_clz.o
       258          4          0          0          0         84   fmul.o
       140          4          0          0          0         84   fnaninf.o
        10          0          0          0          0         68   fretinf.o
         4          0          0          0          0         68   printf1.o
         4          0          0          0          0         68   printf2.o
         0          0          0          0          0          0   usenofp.o
        40          0          0          0          0         68   fpclassify.o

    ----------------------------------------------------------------------
      9068        392        554          0         96       5792   Library Totals
        22          0          3          0          0          0   (incl. Padding)

    ----------------------------------------------------------------------

      Code (inc. data)   RO Data    RW Data    ZI Data      Debug   Library Name

      7036        276        551          0         96       4512   c_w.l
      1970        116          0          0          0       1212   fz_ws.l
        40          0          0          0          0         68   m_ws.l

    ----------------------------------------------------------------------
      9068        392        554          0         96       5792   Library Totals

    ----------------------------------------------------------------------

==============================================================================


      Code (inc. data)   RO Data    RW Data    ZI Data      Debug   

     43642       1670       6970        128       2040     604015   Grand Totals
     43642       1670       6970        128       2040     604015   ELF Image Totals
     43642       1670       6970        128          0          0   ROM Totals

==============================================================================

    Total RO  Size (Code + RO Data)                50612 (  49.43kB)
    Total RW  Size (RW Data + ZI Data)              2168 (   2.12kB)
    Total ROM Size (Code + RO Data + RW Data)      50740 (  49.55kB)

==============================================================================

